Archive member included to satisfy reference by file (symbol)

/Applications/STM32CubeIDE.app/Contents/Eclipse/plugins/com.st.stm32cube.ide.mcu.externaltools.gnu-tools-for-stm32.11.3.rel1.macos64_1.1.0.202305231506/tools/bin/../lib/gcc/arm-none-eabi/11.3.1/../../../../arm-none-eabi/lib/thumb/v7e-m/nofp/libc_nano.a(libc_a-exit.o)
                              /Applications/STM32CubeIDE.app/Contents/Eclipse/plugins/com.st.stm32cube.ide.mcu.externaltools.gnu-tools-for-stm32.11.3.rel1.macos64_1.1.0.202305231506/tools/bin/../lib/gcc/arm-none-eabi/11.3.1/../../../../arm-none-eabi/lib/thumb/v7e-m/nofp/crt0.o (exit)
/Applications/STM32CubeIDE.app/Contents/Eclipse/plugins/com.st.stm32cube.ide.mcu.externaltools.gnu-tools-for-stm32.11.3.rel1.macos64_1.1.0.202305231506/tools/bin/../lib/gcc/arm-none-eabi/11.3.1/../../../../arm-none-eabi/lib/thumb/v7e-m/nofp/libc_nano.a(libc_a-findfp.o)
                              /Applications/STM32CubeIDE.app/Contents/Eclipse/plugins/com.st.stm32cube.ide.mcu.externaltools.gnu-tools-for-stm32.11.3.rel1.macos64_1.1.0.202305231506/tools/bin/../lib/gcc/arm-none-eabi/11.3.1/../../../../arm-none-eabi/lib/thumb/v7e-m/nofp/libc_nano.a(libc_a-exit.o) (__stdio_exit_handler)
/Applications/STM32CubeIDE.app/Contents/Eclipse/plugins/com.st.stm32cube.ide.mcu.externaltools.gnu-tools-for-stm32.11.3.rel1.macos64_1.1.0.202305231506/tools/bin/../lib/gcc/arm-none-eabi/11.3.1/../../../../arm-none-eabi/lib/thumb/v7e-m/nofp/libc_nano.a(libc_a-fwalk.o)
                              /Applications/STM32CubeIDE.app/Contents/Eclipse/plugins/com.st.stm32cube.ide.mcu.externaltools.gnu-tools-for-stm32.11.3.rel1.macos64_1.1.0.202305231506/tools/bin/../lib/gcc/arm-none-eabi/11.3.1/../../../../arm-none-eabi/lib/thumb/v7e-m/nofp/libc_nano.a(libc_a-findfp.o) (_fwalk_sglue)
/Applications/STM32CubeIDE.app/Contents/Eclipse/plugins/com.st.stm32cube.ide.mcu.externaltools.gnu-tools-for-stm32.11.3.rel1.macos64_1.1.0.202305231506/tools/bin/../lib/gcc/arm-none-eabi/11.3.1/../../../../arm-none-eabi/lib/thumb/v7e-m/nofp/libc_nano.a(libc_a-vsnprintf.o)
                              ./Core/Src/com_debug.o (vsnprintf)
/Applications/STM32CubeIDE.app/Contents/Eclipse/plugins/com.st.stm32cube.ide.mcu.externaltools.gnu-tools-for-stm32.11.3.rel1.macos64_1.1.0.202305231506/tools/bin/../lib/gcc/arm-none-eabi/11.3.1/../../../../arm-none-eabi/lib/thumb/v7e-m/nofp/libc_nano.a(libc_a-memset.o)
                              /Applications/STM32CubeIDE.app/Contents/Eclipse/plugins/com.st.stm32cube.ide.mcu.externaltools.gnu-tools-for-stm32.11.3.rel1.macos64_1.1.0.202305231506/tools/bin/../lib/gcc/arm-none-eabi/11.3.1/../../../../arm-none-eabi/lib/thumb/v7e-m/nofp/crt0.o (memset)
/Applications/STM32CubeIDE.app/Contents/Eclipse/plugins/com.st.stm32cube.ide.mcu.externaltools.gnu-tools-for-stm32.11.3.rel1.macos64_1.1.0.202305231506/tools/bin/../lib/gcc/arm-none-eabi/11.3.1/../../../../arm-none-eabi/lib/thumb/v7e-m/nofp/libc_nano.a(libc_a-impure.o)
                              /Applications/STM32CubeIDE.app/Contents/Eclipse/plugins/com.st.stm32cube.ide.mcu.externaltools.gnu-tools-for-stm32.11.3.rel1.macos64_1.1.0.202305231506/tools/bin/../lib/gcc/arm-none-eabi/11.3.1/../../../../arm-none-eabi/lib/thumb/v7e-m/nofp/libc_nano.a(libc_a-vsnprintf.o) (_impure_ptr)
/Applications/STM32CubeIDE.app/Contents/Eclipse/plugins/com.st.stm32cube.ide.mcu.externaltools.gnu-tools-for-stm32.11.3.rel1.macos64_1.1.0.202305231506/tools/bin/../lib/gcc/arm-none-eabi/11.3.1/../../../../arm-none-eabi/lib/thumb/v7e-m/nofp/libc_nano.a(libc_a-errno.o)
                              ./Core/Src/syscalls.o (__errno)
/Applications/STM32CubeIDE.app/Contents/Eclipse/plugins/com.st.stm32cube.ide.mcu.externaltools.gnu-tools-for-stm32.11.3.rel1.macos64_1.1.0.202305231506/tools/bin/../lib/gcc/arm-none-eabi/11.3.1/../../../../arm-none-eabi/lib/thumb/v7e-m/nofp/libc_nano.a(libc_a-init.o)
                              /Applications/STM32CubeIDE.app/Contents/Eclipse/plugins/com.st.stm32cube.ide.mcu.externaltools.gnu-tools-for-stm32.11.3.rel1.macos64_1.1.0.202305231506/tools/bin/../lib/gcc/arm-none-eabi/11.3.1/../../../../arm-none-eabi/lib/thumb/v7e-m/nofp/crt0.o (__libc_init_array)
/Applications/STM32CubeIDE.app/Contents/Eclipse/plugins/com.st.stm32cube.ide.mcu.externaltools.gnu-tools-for-stm32.11.3.rel1.macos64_1.1.0.202305231506/tools/bin/../lib/gcc/arm-none-eabi/11.3.1/../../../../arm-none-eabi/lib/thumb/v7e-m/nofp/libc_nano.a(libc_a-lock.o)
                              /Applications/STM32CubeIDE.app/Contents/Eclipse/plugins/com.st.stm32cube.ide.mcu.externaltools.gnu-tools-for-stm32.11.3.rel1.macos64_1.1.0.202305231506/tools/bin/../lib/gcc/arm-none-eabi/11.3.1/../../../../arm-none-eabi/lib/thumb/v7e-m/nofp/libc_nano.a(libc_a-findfp.o) (__retarget_lock_init_recursive)
[...]
Memory Configuration

Name             Origin             Length             Attributes
RAM              0x0000000020000000 0x0000000000010000 xrw
RAM2             0x0000000010000000 0x0000000000008000 xrw
FLASH            0x0000000008000000 0x0000000000040000 xr
*default*        0x0000000000000000 0xffffffffffffffff

Linker script and memory map

LOAD /Applications/STM32CubeIDE.app/Contents/Eclipse/plugins/com.st.stm32cube.ide.mcu.externaltools.gnu-tools-for-stm32.11.3.rel1.macos64_1.1.0.202305231506/tools/bin/../lib/gcc/arm-none-eabi/11.3.1/thumb/v7e-m/nofp/crti.o
LOAD /Applications/STM32CubeIDE.app/Contents/Eclipse/plugins/com.st.stm32cube.ide.mcu.externaltools.gnu-tools-for-stm32.11.3.rel1.macos64_1.1.0.202305231506/tools/bin/../lib/gcc/arm-none-eabi/11.3.1/thumb/v7e-m/nofp/crtbegin.o
LOAD /Applications/STM32CubeIDE.app/Contents/Eclipse/plugins/com.st.stm32cube.ide.mcu.externaltools.gnu-tools-for-stm32.11.3.rel1.macos64_1.1.0.202305231506/tools/bin/../lib/gcc/arm-none-eabi/11.3.1/../../../../arm-none-eabi/lib/thumb/v7e-m/nofp/crt0.o
LOAD ./Core/Src/adc.o
LOAD ./Core/Src/com_debug.o
LOAD ./Core/Src/flash_memory.o
LOAD ./Core/Src/main.o
LOAD ./Core/Src/obc_interface.o
LOAD ./Core/Src/rtc.o
LOAD ./Core/Src/stm32_adv_trace_if.o
LOAD ./Core/Src/stm32_lpm_if.o
LOAD ./Core/Src/stm32wlxx_hal_msp.o
LOAD ./Core/Src/stm32wlxx_it.o
LOAD ./Core/Src/sys_app.o
LOAD ./Core/Src/syscalls.o
LOAD ./Core/Src/sysmem.o
LOAD ./Core/Src/system_stm32wlxx.o
LOAD ./Core/Src/timer_if.o
LOAD ./Core/Startup/startup_stm32wl55jcix.o
LOAD ./Drivers/STM32WLxx_HAL_Driver/Src/stm32wlxx_hal.o
LOAD ./Drivers/STM32WLxx_HAL_Driver/Src/stm32wlxx_hal_adc.o
LOAD ./Drivers/STM32WLxx_HAL_Driver/Src/stm32wlxx_hal_adc_ex.o
LOAD ./Drivers/STM32WLxx_HAL_Driver/Src/stm32wlxx_hal_cortex.o
LOAD ./Drivers/STM32WLxx_HAL_Driver/Src/stm32wlxx_hal_dma.o
LOAD ./Drivers/STM32WLxx_HAL_Driver/Src/stm32wlxx_hal_dma_ex.o
LOAD ./Drivers/STM32WLxx_HAL_Driver/Src/stm32wlxx_hal_exti.o
LOAD ./Drivers/STM32WLxx_HAL_Driver/Src/stm32wlxx_hal_flash.o
LOAD ./Drivers/STM32WLxx_HAL_Driver/Src/stm32wlxx_hal_flash_ex.o
LOAD ./Drivers/STM32WLxx_HAL_Driver/Src/stm32wlxx_hal_gpio.o
LOAD ./Drivers/STM32WLxx_HAL_Driver/Src/stm32wlxx_hal_pwr.o
LOAD ./Drivers/STM32WLxx_HAL_Driver/Src/stm32wlxx_hal_pwr_ex.o
LOAD ./Drivers/STM32WLxx_HAL_Driver/Src/stm32wlxx_hal_rcc.o
LOAD ./Drivers/STM32WLxx_HAL_Driver/Src/stm32wlxx_hal_rcc_ex.o
LOAD ./Drivers/STM32WLxx_HAL_Driver/Src/stm32wlxx_hal_rtc.o
LOAD ./Drivers/STM32WLxx_HAL_Driver/Src/stm32wlxx_hal_rtc_ex.o
LOAD ./Drivers/STM32WLxx_HAL_Driver/Src/stm32wlxx_hal_spi.o
LOAD ./Drivers/STM32WLxx_HAL_Driver/Src/stm32wlxx_hal_spi_ex.o
LOAD ./Drivers/STM32WLxx_HAL_Driver/Src/stm32wlxx_hal_subghz.o
LOAD ./Drivers/STM32WLxx_HAL_Driver/Src/stm32wlxx_hal_tim.o
LOAD ./Drivers/STM32WLxx_HAL_Driver/Src/stm32wlxx_hal_tim_ex.o
LOAD ./Drivers/STM32WLxx_HAL_Driver/Src/stm32wlxx_hal_uart.o
LOAD ./Drivers/STM32WLxx_HAL_Driver/Src/stm32wlxx_hal_uart_ex.o
LOAD ./Drivers/STM32WLxx_HAL_Driver/Src/stm32wlxx_ll_adc.o
LOAD ./Drivers/STM32WLxx_Nucleo/stm32wlxx_nucleo.o
LOAD ./Drivers/STM32WLxx_Nucleo/stm32wlxx_nucleo_radio.o
LOAD ./Middlewares/Third_Party/SubGHz_Phy/stm32_radio_driver/lr_fhss_mac.o
LOAD ./Middlewares/Third_Party/SubGHz_Phy/stm32_radio_driver/radio.o
LOAD ./Middlewares/Third_Party/SubGHz_Phy/stm32_radio_driver/radio_driver.o
LOAD ./Middlewares/Third_Party/SubGHz_Phy/stm32_radio_driver/radio_fw.o
LOAD ./Middlewares/Third_Party/SubGHz_Phy/stm32_radio_driver/wl_lr_fhss.o
LOAD ./SubGHz_Phy/App/app_subghz_phy.o
LOAD ./SubGHz_Phy/App/subghz_phy_app.o
LOAD ./SubGHz_Phy/Target/radio_board_if.o
LOAD ./Utilities/lpm/tiny_lpm/stm32_lpm.o
LOAD ./Utilities/misc/stm32_mem.o
LOAD ./Utilities/misc/stm32_systime.o
LOAD ./Utilities/misc/stm32_tiny_sscanf.o
LOAD ./Utilities/misc/stm32_tiny_vsnprintf.o
LOAD ./Utilities/sequencer/stm32_seq.o
LOAD ./Utilities/timer/stm32_timer.o
LOAD ./Utilities/trace/adv_trace/stm32_adv_trace.o
START GROUP
LOAD /Applications/STM32CubeIDE.app/Contents/Eclipse/plugins/com.st.stm32cube.ide.mcu.externaltools.gnu-tools-for-stm32.11.3.rel1.macos64_1.1.0.202305231506/tools/bin/../lib/gcc/arm-none-eabi/11.3.1/../../../../arm-none-eabi/lib/thumb/v7e-m/nofp/libc_nano.a
LOAD /Applications/STM32CubeIDE.app/Contents/Eclipse/plugins/com.st.stm32cube.ide.mcu.externaltools.gnu-tools-for-stm32.11.3.rel1.macos64_1.1.0.202305231506/tools/bin/../lib/gcc/arm-none-eabi/11.3.1/../../../../arm-none-eabi/lib/thumb/v7e-m/nofp/libm.a
END GROUP
START GROUP
LOAD /Applications/STM32CubeIDE.app/Contents/Eclipse/plugins/com.st.stm32cube.ide.mcu.externaltools.gnu-tools-for-stm32.11.3.rel1.macos64_1.1.0.202305231506/tools/bin/../lib/gcc/arm-none-eabi/11.3.1/thumb/v7e-m/nofp/libgcc.a
LOAD /Applications/STM32CubeIDE.app/Contents/Eclipse/plugins/com.st.stm32cube.ide.mcu.externaltools.gnu-tools-for-stm32.11.3.rel1.macos64_1.1.0.202305231506/tools/bin/../lib/gcc/arm-none-eabi/11.3.1/../../../../arm-none-eabi/lib/thumb/v7e-m/nofp/libc_nano.a
END GROUP
START GROUP
LOAD /Applications/STM32CubeIDE.app/Contents/Eclipse/plugins/com.st.stm32cube.ide.mcu.externaltools.gnu-tools-for-stm32.11.3.rel1.macos64_1.1.0.202305231506/tools/bin/../lib/gcc/arm-none-eabi/11.3.1/thumb/v7e-m/nofp/libgcc.a
LOAD /Applications/STM32CubeIDE.app/Contents/Eclipse/plugins/com.st.stm32cube.ide.mcu.externaltools.gnu-tools-for-stm32.11.3.rel1.macos64_1.1.0.202305231506/tools/bin/../lib/gcc/arm-none-eabi/11.3.1/../../../../arm-none-eabi/lib/thumb/v7e-m/nofp/libc_nano.a
LOAD /Applications/STM32CubeIDE.app/Contents/Eclipse/plugins/com.st.stm32cube.ide.mcu.externaltools.gnu-tools-for-stm32.11.3.rel1.macos64_1.1.0.202305231506/tools/bin/../lib/gcc/arm-none-eabi/11.3.1/../../../../arm-none-eabi/lib/thumb/v7e-m/nofp/libnosys.a
END GROUP
START GROUP
LOAD /Applications/STM32CubeIDE.app/Contents/Eclipse/plugins/com.st.stm32cube.ide.mcu.externaltools.gnu-tools-for-stm32.11.3.rel1.macos64_1.1.0.202305231506/tools/bin/../lib/gcc/arm-none-eabi/11.3.1/thumb/v7e-m/nofp/libgcc.a
LOAD /Applications/STM32CubeIDE.app/Contents/Eclipse/plugins/com.st.stm32cube.ide.mcu.externaltools.gnu-tools-for-stm32.11.3.rel1.macos64_1.1.0.202305231506/tools/bin/../lib/gcc/arm-none-eabi/11.3.1/../../../../arm-none-eabi/lib/thumb/v7e-m/nofp/libc_nano.a
LOAD /Applications/STM32CubeIDE.app/Contents/Eclipse/plugins/com.st.stm32cube.ide.mcu.externaltools.gnu-tools-for-stm32.11.3.rel1.macos64_1.1.0.202305231506/tools/bin/../lib/gcc/arm-none-eabi/11.3.1/../../../../arm-none-eabi/lib/thumb/v7e-m/nofp/libnosys.a
END GROUP
LOAD /Applications/STM32CubeIDE.app/Contents/Eclipse/plugins/com.st.stm32cube.ide.mcu.externaltools.gnu-tools-for-stm32.11.3.rel1.macos64_1.1.0.202305231506/tools/bin/../lib/gcc/arm-none-eabi/11.3.1/thumb/v7e-m/nofp/crtend.o
LOAD /Applications/STM32CubeIDE.app/Contents/Eclipse/plugins/com.st.stm32cube.ide.mcu.externaltools.gnu-tools-for-stm32.11.3.rel1.macos64_1.1.0.202305231506/tools/bin/../lib/gcc/arm-none-eabi/11.3.1/thumb/v7e-m/nofp/crtn.o
                0x0000000020010000                _estack = (ORIGIN (RAM) + LENGTH (RAM))
                0x0000000000000200                _Min_Heap_Size = 0x200
                0x0000000000000400                _Min_Stack_Size = 0x400

.isr_vector     0x0000000008000000      0x138
                0x0000000008000000                . = ALIGN (0x4)
 *(.isr_vector)
 .isr_vector    0x0000000008000000      0x138 ./Core/Startup/startup_stm32wl55jcix.o
                0x0000000008000000                g_pfnVectors
                0x0000000008000138                . = ALIGN (0x4)

.text           0x0000000008000140     0xd560
                0x0000000008000140                . = ALIGN (0x4)
 *(.text)
 .text          0x0000000008000140       0x40 /Applications/STM32CubeIDE.app/Contents/Eclipse/plugins/com.st.stm32cube.ide.mcu.externaltools.gnu-tools-for-stm32.11.3.rel1.macos64_1.1.0.202305231506/tools/bin/../lib/gcc/arm-none-eabi/11.3.1/thumb/v7e-m/nofp/crtbegin.o
 .text          0x0000000008000180       0xa0 /Applications/STM32CubeIDE.app/Contents/Eclipse/plugins/com.st.stm32cube.ide.mcu.externaltools.gnu-tools-for-stm32.11.3.rel1.macos64_1.1.0.202305231506/tools/bin/../lib/gcc/arm-none-eabi/11.3.1/../../../../arm-none-eabi/lib/thumb/v7e-m/nofp/libc_nano.a(libc_a-memchr.o)
                0x0000000008000180                memchr
 .text          0x0000000008000220       0x30 /Applications/STM32CubeIDE.app/Contents/Eclipse/plugins/com.st.stm32cube.ide.mcu.externaltools.gnu-tools-for-stm32.11.3.rel1.macos64_1.1.0.202305231506/tools/bin/../lib/gcc/arm-none-eabi/11.3.1/thumb/v7e-m/nofp/libgcc.a(_aeabi_uldivmod.o)
                0x0000000008000220                __aeabi_uldivmod
 .text          0x0000000008000250      0x2c8 /Applications/STM32CubeIDE.app/Contents/Eclipse/plugins/com.st.stm32cube.ide.mcu.externaltools.gnu-tools-for-stm32.11.3.rel1.macos64_1.1.0.202305231506/tools/bin/../lib/gcc/arm-none-eabi/11.3.1/thumb/v7e-m/nofp/libgcc.a(_udivmoddi4.o)
                0x0000000008000250                __udivmoddi4
 .text          0x0000000008000518        0x4 /Applications/STM32CubeIDE.app/Contents/Eclipse/plugins/com.st.stm32cube.ide.mcu.externaltools.gnu-tools-for-stm32.11.3.rel1.macos64_1.1.0.202305231506/tools/bin/../lib/gcc/arm-none-eabi/11.3.1/thumb/v7e-m/nofp/libgcc.a(_dvmd_tls.o)
                0x0000000008000518                __aeabi_ldiv0
                0x0000000008000518                __aeabi_idiv0
 *(.text*)
 .text.LL_ADC_REG_SetDMATransfer
                0x000000000800051c       0x24 ./Core/Src/adc.o
 .text.LL_ADC_REG_GetDMATransfer
                0x0000000008000540       0x1a ./Core/Src/adc.o
 .text.LL_ADC_EnableInternalRegulator
                0x000000000800055a       0x26 ./Core/Src/adc.o
 .text.LL_ADC_Enable
                0x0000000008000580       0x26 ./Core/Src/adc.o
 .text.LL_ADC_IsEnabled
                0x00000000080005a6       0x24 ./Core/Src/adc.o
 .text.LL_ADC_IsDisableOngoing
                0x00000000080005ca       0x24 ./Core/Src/adc.o
 .text.LL_ADC_StartCalibration
                0x00000000080005ee       0x26 ./Core/Src/adc.o
 .text.LL_ADC_IsCalibrationOnGoing
                0x0000000008000614       0x26 ./Core/Src/adc.o
 .text.LL_ADC_REG_StartConversion
                0x000000000800063a       0x26 ./Core/Src/adc.o
 .text.LL_ADC_REG_IsConversionOngoing
                0x0000000008000660       0x24 ./Core/Src/adc.o
 .text.LL_ADC_REG_ReadConversionData12
                0x0000000008000684       0x18 ./Core/Src/adc.o
 .text.LL_ADC_IsActiveFlag_ADRDY
                0x000000000800069c       0x24 ./Core/Src/adc.o
 .text.LL_ADC_IsActiveFlag_EOC
                0x00000000080006c0       0x24 ./Core/Src/adc.o
 .text.LL_ADC_ClearFlag_EOC
                0x00000000080006e4       0x18 ./Core/Src/adc.o
 .text.Activate_ADC
                0x00000000080006fc       0xc0 ./Core/Src/adc.o
                0x00000000080006fc                Activate_ADC
 .text.ConversionStartPoll_ADC_GrpRegular
                0x00000000080007bc       0x50 ./Core/Src/adc.o
                0x00000000080007bc                ConversionStartPoll_ADC_GrpRegular
 .text.ReadTemperature
                0x000000000800080c       0x9c ./Core/Src/adc.o
                0x000000000800080c                ReadTemperature
 .text.myDebug  0x00000000080008a8       0x48 ./Core/Src/com_debug.o
                0x00000000080008a8                myDebug
 .text.bufferSize
                0x00000000080008f0       0x2c ./Core/Src/com_debug.o
                0x00000000080008f0                bufferSize
 .text.delay_us
                0x000000000800091c       0x3c ./Core/Src/com_debug.o
                0x000000000800091c                delay_us
 .text.Read_ID  0x0000000008000958       0xb2 ./Core/Src/flash_memory.o
                0x0000000008000958                Read_ID
 .text.Page_Write
                0x0000000008000a0a       0xf6 ./Core/Src/flash_memory.o
                0x0000000008000a0a                Page_Write
 .text.Write_Enable
                0x0000000008000b00       0x3c ./Core/Src/flash_memory.o
                0x0000000008000b00                Write_Enable
 .text.Bulk_Read
                0x0000000008000b3c       0x5c ./Core/Src/flash_memory.o
                0x0000000008000b3c                Bulk_Read
 .text.FM_Enable
                0x0000000008000b98       0x22 ./Core/Src/flash_memory.o
                0x0000000008000b98                FM_Enable
 .text.FM_Disable
                0x0000000008000bba       0x22 ./Core/Src/flash_memory.o
                0x0000000008000bba                FM_Disable
 .text.LL_AHB1_GRP1_EnableClock
                0x0000000008000bdc       0x30 ./Core/Src/main.o
 .text.LL_AHB2_GRP1_EnableClock
                0x0000000008000c0c       0x30 ./Core/Src/main.o
 .text.setDataToBeTransmitted
                0x0000000008000c3c      0x180 ./Core/Src/main.o
                0x0000000008000c3c                setDataToBeTransmitted
 .text.EOM      0x0000000008000dbc       0xec ./Core/Src/main.o
                0x0000000008000dbc                EOM
 .text.MSN_Error
                0x0000000008000ea8       0xec ./Core/Src/main.o
                0x0000000008000ea8                MSN_Error
 .text.HAL_UART_RxCpltCallback
                0x0000000008000f94      0x1a0 ./Core/Src/main.o
                0x0000000008000f94                HAL_UART_RxCpltCallback
 .text.main     0x0000000008001134      0x25c ./Core/Src/main.o
                0x0000000008001134                main
 .text.SystemClock_Config
                0x0000000008001390       0xd0 ./Core/Src/main.o
                0x0000000008001390                SystemClock_Config
 .text.MX_ADC_Init
                0x0000000008001460       0xd0 ./Core/Src/main.o
 .text.MX_LPUART1_UART_Init
                0x0000000008001530       0x98 ./Core/Src/main.o
 .text.MX_USART1_UART_Init
                0x00000000080015c8       0x98 ./Core/Src/main.o
 .text.MX_USART2_UART_Init
                0x0000000008001660       0x98 ./Core/Src/main.o
 .text.MX_RTC_Init
                0x00000000080016f8       0xc8 ./Core/Src/main.o
 .text.MX_SPI2_Init
                0x00000000080017c0       0x7c ./Core/Src/main.o
 .text.MX_SUBGHZ_Init
                0x000000000800183c       0x24 ./Core/Src/main.o
                0x000000000800183c                MX_SUBGHZ_Init
 .text.MX_TIM1_Init
                0x0000000008001860       0xa8 ./Core/Src/main.o
 .text.MX_DMA_Init
                0x0000000008001908       0x54 ./Core/Src/main.o
 .text.MX_GPIO_Init
                0x000000000800195c       0xb4 ./Core/Src/main.o
 .text.DioIrqHndlr
                0x0000000008001a10       0x68 ./Core/Src/main.o
                0x0000000008001a10                DioIrqHndlr
 .text.Error_Handler
                0x0000000008001a78        0xe ./Core/Src/main.o
                0x0000000008001a78                Error_Handler
 *fill*         0x0000000008001a86        0x2 
 .text.WAIT_FOR_HANDSHAKE
                0x0000000008001a88      0x15c ./Core/Src/obc_interface.o
                0x0000000008001a88                WAIT_FOR_HANDSHAKE
 .text.Receive_MAIN_CMD
                0x0000000008001be4       0xb0 ./Core/Src/obc_interface.o
                0x0000000008001be4                Receive_MAIN_CMD
 .text.Execute_MAIN_CMD
                0x0000000008001c94       0x70 ./Core/Src/obc_interface.o
                0x0000000008001c94                Execute_MAIN_CMD
 .text.setTime  0x0000000008001d04       0x8c ./Core/Src/rtc.o
                0x0000000008001d04                setTime
 .text.getTime  0x0000000008001d90       0x28 ./Core/Src/rtc.o
                0x0000000008001d90                getTime
 .text.LL_RCC_EnableRTC
                0x0000000008001db8       0x20 ./Core/Src/stm32wlxx_hal_msp.o
 .text.LL_AHB2_GRP1_EnableClock
                0x0000000008001dd8       0x30 ./Core/Src/stm32wlxx_hal_msp.o
 .text.LL_APB1_GRP1_EnableClock
                0x0000000008001e08       0x30 ./Core/Src/stm32wlxx_hal_msp.o
 .text.LL_APB1_GRP2_EnableClock
                0x0000000008001e38       0x30 ./Core/Src/stm32wlxx_hal_msp.o
 .text.LL_APB2_GRP1_EnableClock
                0x0000000008001e68       0x30 ./Core/Src/stm32wlxx_hal_msp.o
 .text.LL_APB3_GRP1_EnableClock
                0x0000000008001e98       0x30 ./Core/Src/stm32wlxx_hal_msp.o
 .text.HAL_MspInit
                0x0000000008001ec8        0xc ./Core/Src/stm32wlxx_hal_msp.o
                0x0000000008001ec8                HAL_MspInit
 .text.HAL_ADC_MspInit
                0x0000000008001ed4       0x28 ./Core/Src/stm32wlxx_hal_msp.o
                0x0000000008001ed4                HAL_ADC_MspInit
 .text.HAL_UART_MspInit
                0x0000000008001efc      0x320 ./Core/Src/stm32wlxx_hal_msp.o
                0x0000000008001efc                HAL_UART_MspInit
 .text.HAL_RTC_MspInit
                0x000000000800221c       0x58 ./Core/Src/stm32wlxx_hal_msp.o
                0x000000000800221c                HAL_RTC_MspInit
 .text.HAL_SPI_MspInit
                0x0000000008002274       0x90 ./Core/Src/stm32wlxx_hal_msp.o
                0x0000000008002274                HAL_SPI_MspInit
 .text.HAL_SUBGHZ_MspInit
                0x0000000008002304       0x26 ./Core/Src/stm32wlxx_hal_msp.o
                0x0000000008002304                HAL_SUBGHZ_MspInit
 *fill*         0x000000000800232a        0x2 
 .text.HAL_TIM_Base_MspInit
                0x000000000800232c       0x28 ./Core/Src/stm32wlxx_hal_msp.o
                0x000000000800232c                HAL_TIM_Base_MspInit
 .text.NMI_Handler
                0x0000000008002354        0x6 ./Core/Src/stm32wlxx_it.o
                0x0000000008002354                NMI_Handler
 .text.HardFault_Handler
                0x000000000800235a        0x6 ./Core/Src/stm32wlxx_it.o
                0x000000000800235a                HardFault_Handler
 .text.MemManage_Handler
                0x0000000008002360        0x6 ./Core/Src/stm32wlxx_it.o
                0x0000000008002360                MemManage_Handler
 .text.BusFault_Handler
                0x0000000008002366        0x6 ./Core/Src/stm32wlxx_it.o
                0x0000000008002366                BusFault_Handler
 .text.UsageFault_Handler
                0x000000000800236c        0x6 ./Core/Src/stm32wlxx_it.o
                0x000000000800236c                UsageFault_Handler
 .text.SVC_Handler
                0x0000000008002372        0xc ./Core/Src/stm32wlxx_it.o
                0x0000000008002372                SVC_Handler
 .text.DebugMon_Handler
                0x000000000800237e        0xc ./Core/Src/stm32wlxx_it.o
                0x000000000800237e                DebugMon_Handler
 .text.PendSV_Handler
                0x000000000800238a        0xc ./Core/Src/stm32wlxx_it.o
                0x000000000800238a                PendSV_Handler
 .text.SysTick_Handler
                0x0000000008002396        0xc ./Core/Src/stm32wlxx_it.o
                0x0000000008002396                SysTick_Handler
 *fill*         0x00000000080023a2        0x2 
 .text.DMA1_Channel1_IRQHandler
                0x00000000080023a4       0x14 ./Core/Src/stm32wlxx_it.o
                0x00000000080023a4                DMA1_Channel1_IRQHandler
 .text.DMA1_Channel2_IRQHandler
                0x00000000080023b8       0x14 ./Core/Src/stm32wlxx_it.o
                0x00000000080023b8                DMA1_Channel2_IRQHandler
 .text.DMA1_Channel3_IRQHandler
                0x00000000080023cc       0x14 ./Core/Src/stm32wlxx_it.o
                0x00000000080023cc                DMA1_Channel3_IRQHandler
 .text.DMA1_Channel4_IRQHandler
                0x00000000080023e0       0x14 ./Core/Src/stm32wlxx_it.o
                0x00000000080023e0                DMA1_Channel4_IRQHandler
 .text.USART1_IRQHandler
                0x00000000080023f4       0x14 ./Core/Src/stm32wlxx_it.o
                0x00000000080023f4                USART1_IRQHandler
 .text.LPUART1_IRQHandler
                0x0000000008002408       0x14 ./Core/Src/stm32wlxx_it.o
                0x0000000008002408                LPUART1_IRQHandler
 .text.SUBGHZ_Radio_IRQHandler
                0x000000000800241c       0x14 ./Core/Src/stm32wlxx_it.o
                0x000000000800241c                SUBGHZ_Radio_IRQHandler
 .text.SystemApp_Init
                0x0000000008002430        0xc ./Core/Src/sys_app.o
                0x0000000008002430                SystemApp_Init
 .text.HAL_GetTick
                0x000000000800243c       0x28 ./Core/Src/sys_app.o
                0x000000000800243c                HAL_GetTick
 .text.HAL_Delay
                0x0000000008002464       0x18 ./Core/Src/sys_app.o
                0x0000000008002464                HAL_Delay
 .text._sbrk    0x000000000800247c       0x6c ./Core/Src/sysmem.o
                0x000000000800247c                _sbrk
 .text.SystemInit
                0x00000000080024e8        0xc ./Core/Src/system_stm32wlxx.o
                0x00000000080024e8                SystemInit
 .text.TIMER_IF_Init
                0x00000000080024f4       0x16 ./Core/Src/timer_if.o
                0x00000000080024f4                TIMER_IF_Init
 .text.TIMER_IF_StartTimer
                0x000000000800250a       0x18 ./Core/Src/timer_if.o
                0x000000000800250a                TIMER_IF_StartTimer
 .text.TIMER_IF_StopTimer
                0x0000000008002522       0x16 ./Core/Src/timer_if.o
                0x0000000008002522                TIMER_IF_StopTimer
 .text.TIMER_IF_SetTimerContext
                0x0000000008002538       0x14 ./Core/Src/timer_if.o
                0x0000000008002538                TIMER_IF_SetTimerContext
 .text.TIMER_IF_GetTimerContext
                0x000000000800254c       0x14 ./Core/Src/timer_if.o
                0x000000000800254c                TIMER_IF_GetTimerContext
 .text.TIMER_IF_GetTimerElapsedTime
                0x0000000008002560       0x16 ./Core/Src/timer_if.o
                0x0000000008002560                TIMER_IF_GetTimerElapsedTime
 .text.TIMER_IF_GetTimerValue
                0x0000000008002576       0x16 ./Core/Src/timer_if.o
                0x0000000008002576                TIMER_IF_GetTimerValue
 .text.TIMER_IF_GetMinimumTimeout
                0x000000000800258c       0x16 ./Core/Src/timer_if.o
                0x000000000800258c                TIMER_IF_GetMinimumTimeout
 .text.TIMER_IF_Convert_ms2Tick
                0x00000000080025a2       0x18 ./Core/Src/timer_if.o
                0x00000000080025a2                TIMER_IF_Convert_ms2Tick
 .text.TIMER_IF_Convert_Tick2ms
                0x00000000080025ba       0x18 ./Core/Src/timer_if.o
                0x00000000080025ba                TIMER_IF_Convert_Tick2ms
 .text.TIMER_IF_DelayMs
                0x00000000080025d2       0x12 ./Core/Src/timer_if.o
                0x00000000080025d2                TIMER_IF_DelayMs
 .text.Reset_Handler
                0x00000000080025e4       0x50 ./Core/Startup/startup_stm32wl55jcix.o
                0x00000000080025e4                Reset_Handler
 .text.Default_Handler
                0x0000000008002634        0x2 ./Core/Startup/startup_stm32wl55jcix.o
                0x0000000008002634                DMA2_Channel3_IRQHandler
                0x0000000008002634                EXTI2_IRQHandler
                0x0000000008002634                TIM1_CC_IRQHandler
                0x0000000008002634                EXTI3_IRQHandler
                0x0000000008002634                LPTIM2_IRQHandler
                0x0000000008002634                I2C3_ER_IRQHandler
                0x0000000008002634                LPTIM3_IRQHandler
                0x0000000008002634                EXTI0_IRQHandler
                0x0000000008002634                I2C2_EV_IRQHandler
                0x0000000008002634                TAMP_STAMP_LSECSS_SSRU_IRQHandler
                0x0000000008002634                SPI1_IRQHandler
                0x0000000008002634                DMA2_Channel2_IRQHandler
                0x0000000008002634                PKA_IRQHandler
                0x0000000008002634                TIM17_IRQHandler
                0x0000000008002634                DMA1_Channel7_IRQHandler
                0x0000000008002634                SUBGHZSPI_IRQHandler
                0x0000000008002634                IPCC_C1_TX_IRQHandler
                0x0000000008002634                DMA2_Channel1_IRQHandler
                0x0000000008002634                I2C1_EV_IRQHandler
                0x0000000008002634                DMAMUX1_OVR_IRQHandler
                0x0000000008002634                DMA1_Channel6_IRQHandler
                0x0000000008002634                TIM16_IRQHandler
                0x0000000008002634                DMA2_Channel4_IRQHandler
                0x0000000008002634                RCC_IRQHandler
                0x0000000008002634                TIM1_TRG_COM_IRQHandler
                0x0000000008002634                Default_Handler
                0x0000000008002634                DMA2_Channel7_IRQHandler
                0x0000000008002634                EXTI15_10_IRQHandler
                0x0000000008002634                IPCC_C1_RX_IRQHandler
                0x0000000008002634                ADC_IRQHandler
                0x0000000008002634                C2SEV_PWR_C2H_IRQHandler
                0x0000000008002634                I2C3_EV_IRQHandler
                0x0000000008002634                EXTI9_5_IRQHandler
                0x0000000008002634                RTC_WKUP_IRQHandler
                0x0000000008002634                PVD_PVM_IRQHandler
                0x0000000008002634                SPI2_IRQHandler
                0x0000000008002634                DMA2_Channel5_IRQHandler
                0x0000000008002634                DMA1_Channel5_IRQHandler
                0x0000000008002634                EXTI4_IRQHandler
                0x0000000008002634                RNG_IRQHandler
                0x0000000008002634                COMP_IRQHandler
                0x0000000008002634                HSEM_IRQHandler
                0x0000000008002634                TIM1_UP_IRQHandler
                0x0000000008002634                WWDG_IRQHandler
                0x0000000008002634                DMA2_Channel6_IRQHandler
                0x0000000008002634                TIM2_IRQHandler
                0x0000000008002634                TIM1_BRK_IRQHandler
                0x0000000008002634                DAC_IRQHandler
                0x0000000008002634                EXTI1_IRQHandler
                0x0000000008002634                AES_IRQHandler
                0x0000000008002634                USART2_IRQHandler
                0x0000000008002634                I2C2_ER_IRQHandler
                0x0000000008002634                FLASH_IRQHandler
                0x0000000008002634                I2C1_ER_IRQHandler
                0x0000000008002634                LPTIM1_IRQHandler
                0x0000000008002634                RTC_Alarm_IRQHandler
 *fill*         0x0000000008002636        0x2 
 .text.HAL_Init
                0x0000000008002638       0x40 ./Drivers/STM32WLxx_HAL_Driver/Src/stm32wlxx_hal.o
                0x0000000008002638                HAL_Init
 .text.HAL_InitTick
                0x0000000008002678       0x74 ./Drivers/STM32WLxx_HAL_Driver/Src/stm32wlxx_hal.o
                0x0000000008002678                HAL_InitTick
 .text.HAL_IncTick
                0x00000000080026ec       0x24 ./Drivers/STM32WLxx_HAL_Driver/Src/stm32wlxx_hal.o
                0x00000000080026ec                HAL_IncTick
 .text.LL_ADC_SetCommonPathInternalCh
                0x0000000008002710       0x24 ./Drivers/STM32WLxx_HAL_Driver/Src/stm32wlxx_hal_adc.o
 .text.LL_ADC_GetCommonPathInternalCh
                0x0000000008002734       0x1a ./Drivers/STM32WLxx_HAL_Driver/Src/stm32wlxx_hal_adc.o
 .text.LL_ADC_SetSamplingTimeCommonChannels
                0x000000000800274e       0x3c ./Drivers/STM32WLxx_HAL_Driver/Src/stm32wlxx_hal_adc.o
 .text.LL_ADC_GetSamplingTimeCommonChannels
                0x000000000800278a       0x30 ./Drivers/STM32WLxx_HAL_Driver/Src/stm32wlxx_hal_adc.o
 .text.LL_ADC_REG_SetSequencerRanks
                0x00000000080027ba       0x42 ./Drivers/STM32WLxx_HAL_Driver/Src/stm32wlxx_hal_adc.o
 .text.LL_ADC_REG_SetSequencerChAdd
                0x00000000080027fc       0x24 ./Drivers/STM32WLxx_HAL_Driver/Src/stm32wlxx_hal_adc.o
 .text.LL_ADC_REG_SetSequencerChRem
                0x0000000008002820       0x26 ./Drivers/STM32WLxx_HAL_Driver/Src/stm32wlxx_hal_adc.o
 .text.LL_ADC_SetChannelSamplingTime
                0x0000000008002846       0x38 ./Drivers/STM32WLxx_HAL_Driver/Src/stm32wlxx_hal_adc.o
 .text.LL_ADC_EnableInternalRegulator
                0x000000000800287e       0x26 ./Drivers/STM32WLxx_HAL_Driver/Src/stm32wlxx_hal_adc.o
 .text.LL_ADC_IsInternalRegulatorEnabled
                0x00000000080028a4       0x26 ./Drivers/STM32WLxx_HAL_Driver/Src/stm32wlxx_hal_adc.o
 .text.LL_ADC_IsEnabled
                0x00000000080028ca       0x24 ./Drivers/STM32WLxx_HAL_Driver/Src/stm32wlxx_hal_adc.o
 .text.LL_ADC_REG_IsConversionOngoing
                0x00000000080028ee       0x24 ./Drivers/STM32WLxx_HAL_Driver/Src/stm32wlxx_hal_adc.o
 *fill*         0x0000000008002912        0x2 
 .text.HAL_ADC_Init
                0x0000000008002914      0x328 ./Drivers/STM32WLxx_HAL_Driver/Src/stm32wlxx_hal_adc.o
                0x0000000008002914                HAL_ADC_Init
 .text.HAL_ADC_ConfigChannel
                0x0000000008002c3c      0x270 ./Drivers/STM32WLxx_HAL_Driver/Src/stm32wlxx_hal_adc.o
                0x0000000008002c3c                HAL_ADC_ConfigChannel
 .text.__NVIC_SetPriorityGrouping
                0x0000000008002eac       0x48 ./Drivers/STM32WLxx_HAL_Driver/Src/stm32wlxx_hal_cortex.o
 .text.__NVIC_GetPriorityGrouping
                0x0000000008002ef4       0x1c ./Drivers/STM32WLxx_HAL_Driver/Src/stm32wlxx_hal_cortex.o
 .text.__NVIC_EnableIRQ
                0x0000000008002f10       0x38 ./Drivers/STM32WLxx_HAL_Driver/Src/stm32wlxx_hal_cortex.o
 .text.__NVIC_SetPriority
                0x0000000008002f48       0x54 ./Drivers/STM32WLxx_HAL_Driver/Src/stm32wlxx_hal_cortex.o
 .text.NVIC_EncodePriority
                0x0000000008002f9c       0x64 ./Drivers/STM32WLxx_HAL_Driver/Src/stm32wlxx_hal_cortex.o
 .text.SysTick_Config
                0x0000000008003000       0x44 ./Drivers/STM32WLxx_HAL_Driver/Src/stm32wlxx_hal_cortex.o
 .text.HAL_NVIC_SetPriorityGrouping
                0x0000000008003044       0x16 ./Drivers/STM32WLxx_HAL_Driver/Src/stm32wlxx_hal_cortex.o
                0x0000000008003044                HAL_NVIC_SetPriorityGrouping
 .text.HAL_NVIC_SetPriority
                0x000000000800305a       0x34 ./Drivers/STM32WLxx_HAL_Driver/Src/stm32wlxx_hal_cortex.o
                0x000000000800305a                HAL_NVIC_SetPriority
 .text.HAL_NVIC_EnableIRQ
                0x000000000800308e       0x1c ./Drivers/STM32WLxx_HAL_Driver/Src/stm32wlxx_hal_cortex.o
                0x000000000800308e                HAL_NVIC_EnableIRQ
 .text.HAL_SYSTICK_Config
                0x00000000080030aa       0x18 ./Drivers/STM32WLxx_HAL_Driver/Src/stm32wlxx_hal_cortex.o
                0x00000000080030aa                HAL_SYSTICK_Config
 *fill*         0x00000000080030c2        0x2 
 .text.HAL_DMA_Init
                0x00000000080030c4      0x150 ./Drivers/STM32WLxx_HAL_Driver/Src/stm32wlxx_hal_dma.o
                0x00000000080030c4                HAL_DMA_Init
 .text.HAL_DMA_Start_IT
                0x0000000008003214       0xfc ./Drivers/STM32WLxx_HAL_Driver/Src/stm32wlxx_hal_dma.o
                0x0000000008003214                HAL_DMA_Start_IT
 .text.HAL_DMA_Abort
                0x0000000008003310       0xbc ./Drivers/STM32WLxx_HAL_Driver/Src/stm32wlxx_hal_dma.o
                0x0000000008003310                HAL_DMA_Abort
 .text.HAL_DMA_Abort_IT
                0x00000000080033cc       0xbe ./Drivers/STM32WLxx_HAL_Driver/Src/stm32wlxx_hal_dma.o
                0x00000000080033cc                HAL_DMA_Abort_IT
 *fill*         0x000000000800348a        0x2 
 .text.HAL_DMA_IRQHandler
                0x000000000800348c      0x18c ./Drivers/STM32WLxx_HAL_Driver/Src/stm32wlxx_hal_dma.o
                0x000000000800348c                HAL_DMA_IRQHandler
 .text.HAL_DMA_ConfigChannelAttributes
                0x0000000008003618       0x5e ./Drivers/STM32WLxx_HAL_Driver/Src/stm32wlxx_hal_dma.o
                0x0000000008003618                HAL_DMA_ConfigChannelAttributes
 .text.DMA_SetConfig
                0x0000000008003676       0x7a ./Drivers/STM32WLxx_HAL_Driver/Src/stm32wlxx_hal_dma.o
 .text.DMA_CalcDMAMUXChannelBaseAndMask
                0x00000000080036f0       0x90 ./Drivers/STM32WLxx_HAL_Driver/Src/stm32wlxx_hal_dma.o
 .text.DMA_CalcDMAMUXRequestGenBaseAndMask
                0x0000000008003780       0x48 ./Drivers/STM32WLxx_HAL_Driver/Src/stm32wlxx_hal_dma.o
 .text.HAL_GPIO_Init
                0x00000000080037c8      0x2c0 ./Drivers/STM32WLxx_HAL_Driver/Src/stm32wlxx_hal_gpio.o
                0x00000000080037c8                HAL_GPIO_Init
 .text.HAL_GPIO_WritePin
                0x0000000008003a88       0x2e ./Drivers/STM32WLxx_HAL_Driver/Src/stm32wlxx_hal_gpio.o
                0x0000000008003a88                HAL_GPIO_WritePin
 *fill*         0x0000000008003ab6        0x2 
 .text.HAL_PWR_EnableBkUpAccess
                0x0000000008003ab8       0x1c ./Drivers/STM32WLxx_HAL_Driver/Src/stm32wlxx_hal_pwr.o
                0x0000000008003ab8                HAL_PWR_EnableBkUpAccess
 .text.HAL_PWREx_GetVoltageRange
                0x0000000008003ad4       0x18 ./Drivers/STM32WLxx_HAL_Driver/Src/stm32wlxx_hal_pwr_ex.o
                0x0000000008003ad4                HAL_PWREx_GetVoltageRange
 .text.LL_PWR_IsEnabledBkUpAccess
                0x0000000008003aec       0x24 ./Drivers/STM32WLxx_HAL_Driver/Src/stm32wlxx_hal_rcc.o
 .text.LL_RCC_HSE_EnableTcxo
                0x0000000008003b10       0x1c ./Drivers/STM32WLxx_HAL_Driver/Src/stm32wlxx_hal_rcc.o
 .text.LL_RCC_HSE_DisableTcxo
                0x0000000008003b2c       0x1c ./Drivers/STM32WLxx_HAL_Driver/Src/stm32wlxx_hal_rcc.o
 .text.LL_RCC_HSE_IsEnabledDiv2
                0x0000000008003b48       0x22 ./Drivers/STM32WLxx_HAL_Driver/Src/stm32wlxx_hal_rcc.o
 .text.LL_RCC_HSE_Enable
                0x0000000008003b6a       0x1c ./Drivers/STM32WLxx_HAL_Driver/Src/stm32wlxx_hal_rcc.o
 .text.LL_RCC_HSE_Disable
                0x0000000008003b86       0x1c ./Drivers/STM32WLxx_HAL_Driver/Src/stm32wlxx_hal_rcc.o
 .text.LL_RCC_HSE_IsReady
                0x0000000008003ba2       0x22 ./Drivers/STM32WLxx_HAL_Driver/Src/stm32wlxx_hal_rcc.o
 .text.LL_RCC_HSI_Enable
                0x0000000008003bc4       0x1c ./Drivers/STM32WLxx_HAL_Driver/Src/stm32wlxx_hal_rcc.o
 .text.LL_RCC_HSI_Disable
                0x0000000008003be0       0x1c ./Drivers/STM32WLxx_HAL_Driver/Src/stm32wlxx_hal_rcc.o
 .text.LL_RCC_HSI_IsReady
                0x0000000008003bfc       0x22 ./Drivers/STM32WLxx_HAL_Driver/Src/stm32wlxx_hal_rcc.o
 .text.LL_RCC_HSI_SetCalibTrimming
                0x0000000008003c1e       0x28 ./Drivers/STM32WLxx_HAL_Driver/Src/stm32wlxx_hal_rcc.o
 .text.LL_RCC_LSE_IsReady
                0x0000000008003c46       0x22 ./Drivers/STM32WLxx_HAL_Driver/Src/stm32wlxx_hal_rcc.o
 .text.LL_RCC_LSI_Enable
                0x0000000008003c68       0x20 ./Drivers/STM32WLxx_HAL_Driver/Src/stm32wlxx_hal_rcc.o
 .text.LL_RCC_LSI_Disable
                0x0000000008003c88       0x20 ./Drivers/STM32WLxx_HAL_Driver/Src/stm32wlxx_hal_rcc.o
 .text.LL_RCC_LSI_IsReady
                0x0000000008003ca8       0x22 ./Drivers/STM32WLxx_HAL_Driver/Src/stm32wlxx_hal_rcc.o
 .text.LL_RCC_MSI_Enable
                0x0000000008003cca       0x1c ./Drivers/STM32WLxx_HAL_Driver/Src/stm32wlxx_hal_rcc.o
 .text.LL_RCC_MSI_Disable
                0x0000000008003ce6       0x1c ./Drivers/STM32WLxx_HAL_Driver/Src/stm32wlxx_hal_rcc.o
 .text.LL_RCC_MSI_IsReady
                0x0000000008003d02       0x20 ./Drivers/STM32WLxx_HAL_Driver/Src/stm32wlxx_hal_rcc.o
 .text.LL_RCC_MSI_IsEnabledRangeSelect
                0x0000000008003d22       0x20 ./Drivers/STM32WLxx_HAL_Driver/Src/stm32wlxx_hal_rcc.o
 .text.LL_RCC_MSI_GetRange
                0x0000000008003d42       0x16 ./Drivers/STM32WLxx_HAL_Driver/Src/stm32wlxx_hal_rcc.o
 .text.LL_RCC_MSI_GetRangeAfterStandby
                0x0000000008003d58       0x18 ./Drivers/STM32WLxx_HAL_Driver/Src/stm32wlxx_hal_rcc.o
 .text.LL_RCC_MSI_SetCalibTrimming
                0x0000000008003d70       0x28 ./Drivers/STM32WLxx_HAL_Driver/Src/stm32wlxx_hal_rcc.o
 .text.LL_RCC_SetSysClkSource
                0x0000000008003d98       0x26 ./Drivers/STM32WLxx_HAL_Driver/Src/stm32wlxx_hal_rcc.o
 .text.LL_RCC_GetSysClkSource
                0x0000000008003dbe       0x16 ./Drivers/STM32WLxx_HAL_Driver/Src/stm32wlxx_hal_rcc.o
 .text.LL_RCC_SetAHBPrescaler
                0x0000000008003dd4       0x26 ./Drivers/STM32WLxx_HAL_Driver/Src/stm32wlxx_hal_rcc.o
 .text.LL_C2_RCC_SetAHBPrescaler
                0x0000000008003dfa       0x2a ./Drivers/STM32WLxx_HAL_Driver/Src/stm32wlxx_hal_rcc.o
 .text.LL_RCC_SetAHB3Prescaler
                0x0000000008003e24       0x2c ./Drivers/STM32WLxx_HAL_Driver/Src/stm32wlxx_hal_rcc.o
 .text.LL_RCC_SetAPB1Prescaler
                0x0000000008003e50       0x26 ./Drivers/STM32WLxx_HAL_Driver/Src/stm32wlxx_hal_rcc.o
 .text.LL_RCC_SetAPB2Prescaler
                0x0000000008003e76       0x26 ./Drivers/STM32WLxx_HAL_Driver/Src/stm32wlxx_hal_rcc.o
 .text.LL_RCC_GetAHBPrescaler
                0x0000000008003e9c       0x16 ./Drivers/STM32WLxx_HAL_Driver/Src/stm32wlxx_hal_rcc.o
 .text.LL_RCC_GetAHB3Prescaler
                0x0000000008003eb2       0x1a ./Drivers/STM32WLxx_HAL_Driver/Src/stm32wlxx_hal_rcc.o
 .text.LL_RCC_GetAPB1Prescaler
                0x0000000008003ecc       0x16 ./Drivers/STM32WLxx_HAL_Driver/Src/stm32wlxx_hal_rcc.o
 .text.LL_RCC_GetAPB2Prescaler
                0x0000000008003ee2       0x16 ./Drivers/STM32WLxx_HAL_Driver/Src/stm32wlxx_hal_rcc.o
 .text.LL_RCC_PLL_Enable
                0x0000000008003ef8       0x1c ./Drivers/STM32WLxx_HAL_Driver/Src/stm32wlxx_hal_rcc.o
 .text.LL_RCC_PLL_Disable
                0x0000000008003f14       0x1c ./Drivers/STM32WLxx_HAL_Driver/Src/stm32wlxx_hal_rcc.o
 .text.LL_RCC_PLL_IsReady
                0x0000000008003f30       0x22 ./Drivers/STM32WLxx_HAL_Driver/Src/stm32wlxx_hal_rcc.o
 .text.LL_RCC_PLL_GetN
                0x0000000008003f52       0x18 ./Drivers/STM32WLxx_HAL_Driver/Src/stm32wlxx_hal_rcc.o
 .text.LL_RCC_PLL_GetR
                0x0000000008003f6a       0x16 ./Drivers/STM32WLxx_HAL_Driver/Src/stm32wlxx_hal_rcc.o
 .text.LL_RCC_PLL_GetDivider
                0x0000000008003f80       0x16 ./Drivers/STM32WLxx_HAL_Driver/Src/stm32wlxx_hal_rcc.o
 .text.LL_RCC_PLL_GetMainSource
                0x0000000008003f96       0x16 ./Drivers/STM32WLxx_HAL_Driver/Src/stm32wlxx_hal_rcc.o
 .text.LL_RCC_IsActiveFlag_HPRE
                0x0000000008003fac       0x22 ./Drivers/STM32WLxx_HAL_Driver/Src/stm32wlxx_hal_rcc.o
 .text.LL_RCC_IsActiveFlag_C2HPRE
                0x0000000008003fce       0x24 ./Drivers/STM32WLxx_HAL_Driver/Src/stm32wlxx_hal_rcc.o
 .text.LL_RCC_IsActiveFlag_SHDHPRE
                0x0000000008003ff2       0x24 ./Drivers/STM32WLxx_HAL_Driver/Src/stm32wlxx_hal_rcc.o
 .text.LL_RCC_IsActiveFlag_PPRE1
                0x0000000008004016       0x22 ./Drivers/STM32WLxx_HAL_Driver/Src/stm32wlxx_hal_rcc.o
 .text.LL_RCC_IsActiveFlag_PPRE2
                0x0000000008004038       0x22 ./Drivers/STM32WLxx_HAL_Driver/Src/stm32wlxx_hal_rcc.o
 *fill*         0x000000000800405a        0x2 
 .text.HAL_RCC_OscConfig
                0x000000000800405c      0x704 ./Drivers/STM32WLxx_HAL_Driver/Src/stm32wlxx_hal_rcc.o
                0x000000000800405c                HAL_RCC_OscConfig
 .text.HAL_RCC_ClockConfig
                0x0000000008004760      0x284 ./Drivers/STM32WLxx_HAL_Driver/Src/stm32wlxx_hal_rcc.o
                0x0000000008004760                HAL_RCC_ClockConfig
 .text.HAL_RCC_GetSysClockFreq
                0x00000000080049e4      0x140 ./Drivers/STM32WLxx_HAL_Driver/Src/stm32wlxx_hal_rcc.o
                0x00000000080049e4                HAL_RCC_GetSysClockFreq
 .text.HAL_RCC_GetHCLKFreq
                0x0000000008004b24       0x28 ./Drivers/STM32WLxx_HAL_Driver/Src/stm32wlxx_hal_rcc.o
                0x0000000008004b24                HAL_RCC_GetHCLKFreq
 .text.HAL_RCC_GetPCLK1Freq
                0x0000000008004b4c       0x24 ./Drivers/STM32WLxx_HAL_Driver/Src/stm32wlxx_hal_rcc.o
                0x0000000008004b4c                HAL_RCC_GetPCLK1Freq
 .text.HAL_RCC_GetPCLK2Freq
                0x0000000008004b70       0x24 ./Drivers/STM32WLxx_HAL_Driver/Src/stm32wlxx_hal_rcc.o
                0x0000000008004b70                HAL_RCC_GetPCLK2Freq
 .text.RCC_SetFlashLatencyFromMSIRange
                0x0000000008004b94       0x60 ./Drivers/STM32WLxx_HAL_Driver/Src/stm32wlxx_hal_rcc.o
 .text.RCC_SetFlashLatency
                0x0000000008004bf4      0x104 ./Drivers/STM32WLxx_HAL_Driver/Src/stm32wlxx_hal_rcc.o
 .text.LL_RCC_LSE_IsReady
                0x0000000008004cf8       0x22 ./Drivers/STM32WLxx_HAL_Driver/Src/stm32wlxx_hal_rcc_ex.o
 .text.LL_RCC_SetUSARTClockSource
                0x0000000008004d1a       0x30 ./Drivers/STM32WLxx_HAL_Driver/Src/stm32wlxx_hal_rcc_ex.o
 .text.LL_RCC_SetI2SClockSource
                0x0000000008004d4a       0x2a ./Drivers/STM32WLxx_HAL_Driver/Src/stm32wlxx_hal_rcc_ex.o
 .text.LL_RCC_SetLPUARTClockSource
                0x0000000008004d74       0x2a ./Drivers/STM32WLxx_HAL_Driver/Src/stm32wlxx_hal_rcc_ex.o
 .text.LL_RCC_SetI2CClockSource
                0x0000000008004d9e       0x38 ./Drivers/STM32WLxx_HAL_Driver/Src/stm32wlxx_hal_rcc_ex.o
 .text.LL_RCC_SetLPTIMClockSource
                0x0000000008004dd6       0x32 ./Drivers/STM32WLxx_HAL_Driver/Src/stm32wlxx_hal_rcc_ex.o
 .text.LL_RCC_SetRNGClockSource
                0x0000000008004e08       0x2a ./Drivers/STM32WLxx_HAL_Driver/Src/stm32wlxx_hal_rcc_ex.o
 .text.LL_RCC_SetADCClockSource
                0x0000000008004e32       0x2a ./Drivers/STM32WLxx_HAL_Driver/Src/stm32wlxx_hal_rcc_ex.o
 .text.LL_RCC_SetRTCClockSource
                0x0000000008004e5c       0x2a ./Drivers/STM32WLxx_HAL_Driver/Src/stm32wlxx_hal_rcc_ex.o
 .text.LL_RCC_GetRTCClockSource
                0x0000000008004e86       0x18 ./Drivers/STM32WLxx_HAL_Driver/Src/stm32wlxx_hal_rcc_ex.o
 .text.LL_RCC_ForceBackupDomainReset
                0x0000000008004e9e       0x20 ./Drivers/STM32WLxx_HAL_Driver/Src/stm32wlxx_hal_rcc_ex.o
 .text.LL_RCC_ReleaseBackupDomainReset
                0x0000000008004ebe       0x20 ./Drivers/STM32WLxx_HAL_Driver/Src/stm32wlxx_hal_rcc_ex.o
 *fill*         0x0000000008004ede        0x2 
 .text.HAL_RCCEx_PeriphCLKConfig
                0x0000000008004ee0      0x234 ./Drivers/STM32WLxx_HAL_Driver/Src/stm32wlxx_hal_rcc_ex.o
                0x0000000008004ee0                HAL_RCCEx_PeriphCLKConfig
 .text.HAL_RTC_Init
                0x0000000008005114      0x104 ./Drivers/STM32WLxx_HAL_Driver/Src/stm32wlxx_hal_rtc.o
                0x0000000008005114                HAL_RTC_Init
 .text.HAL_RTC_SetTime
                0x0000000008005218      0x138 ./Drivers/STM32WLxx_HAL_Driver/Src/stm32wlxx_hal_rtc.o
                0x0000000008005218                HAL_RTC_SetTime
 .text.HAL_RTC_GetTime
                0x0000000008005350       0xc4 ./Drivers/STM32WLxx_HAL_Driver/Src/stm32wlxx_hal_rtc.o
                0x0000000008005350                HAL_RTC_GetTime
 .text.HAL_RTC_SetDate
                0x0000000008005414      0x10c ./Drivers/STM32WLxx_HAL_Driver/Src/stm32wlxx_hal_rtc.o
                0x0000000008005414                HAL_RTC_SetDate
 .text.HAL_RTC_GetDate
                0x0000000008005520       0x9c ./Drivers/STM32WLxx_HAL_Driver/Src/stm32wlxx_hal_rtc.o
                0x0000000008005520                HAL_RTC_GetDate
 .text.HAL_RTC_WaitForSynchro
                0x00000000080055bc       0x4c ./Drivers/STM32WLxx_HAL_Driver/Src/stm32wlxx_hal_rtc.o
                0x00000000080055bc                HAL_RTC_WaitForSynchro
 .text.RTC_EnterInitMode
                0x0000000008005608       0x68 ./Drivers/STM32WLxx_HAL_Driver/Src/stm32wlxx_hal_rtc.o
                0x0000000008005608                RTC_EnterInitMode
 .text.RTC_ExitInitMode
                0x0000000008005670       0x7c ./Drivers/STM32WLxx_HAL_Driver/Src/stm32wlxx_hal_rtc.o
                0x0000000008005670                RTC_ExitInitMode
 .text.RTC_ByteToBcd2
                0x00000000080056ec       0x3e ./Drivers/STM32WLxx_HAL_Driver/Src/stm32wlxx_hal_rtc.o
                0x00000000080056ec                RTC_ByteToBcd2
 .text.RTC_Bcd2ToByte
                0x000000000800572a       0x36 ./Drivers/STM32WLxx_HAL_Driver/Src/stm32wlxx_hal_rtc.o
                0x000000000800572a                RTC_Bcd2ToByte
 .text.HAL_SPI_Init
                0x0000000008005760      0x1a8 ./Drivers/STM32WLxx_HAL_Driver/Src/stm32wlxx_hal_spi.o
                0x0000000008005760                HAL_SPI_Init
 .text.HAL_SPI_Transmit
                0x0000000008005908      0x320 ./Drivers/STM32WLxx_HAL_Driver/Src/stm32wlxx_hal_spi.o
                0x0000000008005908                HAL_SPI_Transmit
 .text.HAL_SPI_Receive
                0x0000000008005c28      0x3d2 ./Drivers/STM32WLxx_HAL_Driver/Src/stm32wlxx_hal_spi.o
                0x0000000008005c28                HAL_SPI_Receive
 .text.HAL_SPI_TransmitReceive
                0x0000000008005ffa      0x5c8 ./Drivers/STM32WLxx_HAL_Driver/Src/stm32wlxx_hal_spi.o
                0x0000000008005ffa                HAL_SPI_TransmitReceive
 *fill*         0x00000000080065c2        0x2 
 .text.SPI_WaitFlagStateUntilTimeout
                0x00000000080065c4      0x110 ./Drivers/STM32WLxx_HAL_Driver/Src/stm32wlxx_hal_spi.o
 .text.SPI_WaitFifoStateUntilTimeout
                0x00000000080066d4      0x12c ./Drivers/STM32WLxx_HAL_Driver/Src/stm32wlxx_hal_spi.o
 .text.SPI_EndRxTransaction
                0x0000000008006800       0xb0 ./Drivers/STM32WLxx_HAL_Driver/Src/stm32wlxx_hal_spi.o
 .text.SPI_EndRxTxTransaction
                0x00000000080068b0       0x8c ./Drivers/STM32WLxx_HAL_Driver/Src/stm32wlxx_hal_spi.o
 .text.LL_PWR_SetRadioBusyTrigger
                0x000000000800693c       0x28 ./Drivers/STM32WLxx_HAL_Driver/Src/stm32wlxx_hal_subghz.o
 .text.LL_PWR_UnselectSUBGHZSPI_NSS
                0x0000000008006964       0x20 ./Drivers/STM32WLxx_HAL_Driver/Src/stm32wlxx_hal_subghz.o
 .text.LL_PWR_SelectSUBGHZSPI_NSS
                0x0000000008006984       0x20 ./Drivers/STM32WLxx_HAL_Driver/Src/stm32wlxx_hal_subghz.o
 .text.LL_PWR_ClearFlag_RFBUSY
                0x00000000080069a4       0x18 ./Drivers/STM32WLxx_HAL_Driver/Src/stm32wlxx_hal_subghz.o
 .text.LL_PWR_IsActiveFlag_RFBUSYS
                0x00000000080069bc       0x24 ./Drivers/STM32WLxx_HAL_Driver/Src/stm32wlxx_hal_subghz.o
 .text.LL_PWR_IsActiveFlag_RFBUSYMS
                0x00000000080069e0       0x24 ./Drivers/STM32WLxx_HAL_Driver/Src/stm32wlxx_hal_subghz.o
 .text.LL_RCC_RF_DisableReset
                0x0000000008006a04       0x20 ./Drivers/STM32WLxx_HAL_Driver/Src/stm32wlxx_hal_subghz.o
 .text.LL_RCC_IsRFUnderReset
                0x0000000008006a24       0x24 ./Drivers/STM32WLxx_HAL_Driver/Src/stm32wlxx_hal_subghz.o
 .text.LL_EXTI_EnableIT_32_63
                0x0000000008006a48       0x28 ./Drivers/STM32WLxx_HAL_Driver/Src/stm32wlxx_hal_subghz.o
 .text.HAL_SUBGHZ_Init
                0x0000000008006a70       0xc8 ./Drivers/STM32WLxx_HAL_Driver/Src/stm32wlxx_hal_subghz.o
                0x0000000008006a70                HAL_SUBGHZ_Init
 .text.HAL_SUBGHZ_WriteRegisters
                0x0000000008006b38       0xbe ./Drivers/STM32WLxx_HAL_Driver/Src/stm32wlxx_hal_subghz.o
                0x0000000008006b38                HAL_SUBGHZ_WriteRegisters
 .text.HAL_SUBGHZ_ReadRegisters
                0x0000000008006bf6       0xc2 ./Drivers/STM32WLxx_HAL_Driver/Src/stm32wlxx_hal_subghz.o
                0x0000000008006bf6                HAL_SUBGHZ_ReadRegisters
 .text.HAL_SUBGHZ_ExecSetCmd
                0x0000000008006cb8       0xbe ./Drivers/STM32WLxx_HAL_Driver/Src/stm32wlxx_hal_subghz.o
                0x0000000008006cb8                HAL_SUBGHZ_ExecSetCmd
 .text.HAL_SUBGHZ_ExecGetCmd
                0x0000000008006d76       0xa8 ./Drivers/STM32WLxx_HAL_Driver/Src/stm32wlxx_hal_subghz.o
                0x0000000008006d76                HAL_SUBGHZ_ExecGetCmd
 .text.HAL_SUBGHZ_WriteBuffer
                0x0000000008006e1e       0xa6 ./Drivers/STM32WLxx_HAL_Driver/Src/stm32wlxx_hal_subghz.o
                0x0000000008006e1e                HAL_SUBGHZ_WriteBuffer
 .text.HAL_SUBGHZ_ReadBuffer
                0x0000000008006ec4       0xb0 ./Drivers/STM32WLxx_HAL_Driver/Src/stm32wlxx_hal_subghz.o
                0x0000000008006ec4                HAL_SUBGHZ_ReadBuffer
 .text.HAL_SUBGHZ_IRQHandler
                0x0000000008006f74       0xfa ./Drivers/STM32WLxx_HAL_Driver/Src/stm32wlxx_hal_subghz.o
                0x0000000008006f74                HAL_SUBGHZ_IRQHandler
 *fill*         0x000000000800706e        0x2 
 .text.SUBGHZSPI_Init
                0x0000000008007070       0x40 ./Drivers/STM32WLxx_HAL_Driver/Src/stm32wlxx_hal_subghz.o
                0x0000000008007070                SUBGHZSPI_Init
 .text.SUBGHZSPI_Transmit
                0x00000000080070b0       0xac ./Drivers/STM32WLxx_HAL_Driver/Src/stm32wlxx_hal_subghz.o
                0x00000000080070b0                SUBGHZSPI_Transmit
 .text.SUBGHZSPI_Receive
                0x000000000800715c       0xb0 ./Drivers/STM32WLxx_HAL_Driver/Src/stm32wlxx_hal_subghz.o
                0x000000000800715c                SUBGHZSPI_Receive
 .text.SUBGHZ_CheckDeviceReady
                0x000000000800720c       0x48 ./Drivers/STM32WLxx_HAL_Driver/Src/stm32wlxx_hal_subghz.o
                0x000000000800720c                SUBGHZ_CheckDeviceReady
 .text.SUBGHZ_WaitOnBusy
                0x0000000008007254       0x5c ./Drivers/STM32WLxx_HAL_Driver/Src/stm32wlxx_hal_subghz.o
                0x0000000008007254                SUBGHZ_WaitOnBusy
 .text.HAL_TIM_Base_Init
                0x00000000080072b0       0xae ./Drivers/STM32WLxx_HAL_Driver/Src/stm32wlxx_hal_tim.o
                0x00000000080072b0                HAL_TIM_Base_Init
 *fill*         0x000000000800735e        0x2 
 .text.HAL_TIM_Base_Start
                0x0000000008007360       0x88 ./Drivers/STM32WLxx_HAL_Driver/Src/stm32wlxx_hal_tim.o
                0x0000000008007360                HAL_TIM_Base_Start
 .text.HAL_TIM_ConfigClockSource
                0x00000000080073e8      0x192 ./Drivers/STM32WLxx_HAL_Driver/Src/stm32wlxx_hal_tim.o
                0x00000000080073e8                HAL_TIM_ConfigClockSource
 *fill*         0x000000000800757a        0x2 
 .text.TIM_Base_SetConfig
                0x000000000800757c       0xc4 ./Drivers/STM32WLxx_HAL_Driver/Src/stm32wlxx_hal_tim.o
                0x000000000800757c                TIM_Base_SetConfig
 .text.TIM_TI1_ConfigInputStage
                0x0000000008007640       0x5c ./Drivers/STM32WLxx_HAL_Driver/Src/stm32wlxx_hal_tim.o
 .text.TIM_TI2_ConfigInputStage
                0x000000000800769c       0x5e ./Drivers/STM32WLxx_HAL_Driver/Src/stm32wlxx_hal_tim.o
 .text.TIM_ITRx_SetConfig
                0x00000000080076fa       0x38 ./Drivers/STM32WLxx_HAL_Driver/Src/stm32wlxx_hal_tim.o
 .text.TIM_ETR_SetConfig
                0x0000000008007732       0x3e ./Drivers/STM32WLxx_HAL_Driver/Src/stm32wlxx_hal_tim.o
                0x0000000008007732                TIM_ETR_SetConfig
 .text.HAL_TIMEx_MasterConfigSynchronization
                0x0000000008007770       0xbc ./Drivers/STM32WLxx_HAL_Driver/Src/stm32wlxx_hal_tim_ex.o
                0x0000000008007770                HAL_TIMEx_MasterConfigSynchronization
 .text.LL_RCC_GetUSARTClockSource
                0x000000000800782c       0x24 ./Drivers/STM32WLxx_HAL_Driver/Src/stm32wlxx_hal_uart.o
 .text.LL_RCC_GetLPUARTClockSource
                0x0000000008007850       0x1e ./Drivers/STM32WLxx_HAL_Driver/Src/stm32wlxx_hal_uart.o
 .text.HAL_UART_Init
                0x000000000800786e       0xa0 ./Drivers/STM32WLxx_HAL_Driver/Src/stm32wlxx_hal_uart.o
                0x000000000800786e                HAL_UART_Init
 .text.HAL_UART_Transmit
                0x000000000800790e      0x10c ./Drivers/STM32WLxx_HAL_Driver/Src/stm32wlxx_hal_uart.o
                0x000000000800790e                HAL_UART_Transmit
 .text.HAL_UART_Receive
                0x0000000008007a1a      0x188 ./Drivers/STM32WLxx_HAL_Driver/Src/stm32wlxx_hal_uart.o
                0x0000000008007a1a                HAL_UART_Receive
 *fill*         0x0000000008007ba2        0x2 
 .text.HAL_UART_Receive_DMA
                0x0000000008007ba4       0x98 ./Drivers/STM32WLxx_HAL_Driver/Src/stm32wlxx_hal_uart.o
                0x0000000008007ba4                HAL_UART_Receive_DMA
 .text.HAL_UART_IRQHandler
                0x0000000008007c3c      0x648 ./Drivers/STM32WLxx_HAL_Driver/Src/stm32wlxx_hal_uart.o
                0x0000000008007c3c                HAL_UART_IRQHandler
 .text.HAL_UART_TxCpltCallback
                0x0000000008008284       0x12 ./Drivers/STM32WLxx_HAL_Driver/Src/stm32wlxx_hal_uart.o
                0x0000000008008284                HAL_UART_TxCpltCallback
 .text.HAL_UART_RxHalfCpltCallback
                0x0000000008008296       0x12 ./Drivers/STM32WLxx_HAL_Driver/Src/stm32wlxx_hal_uart.o
                0x0000000008008296                HAL_UART_RxHalfCpltCallback
 .text.HAL_UART_ErrorCallback
                0x00000000080082a8       0x12 ./Drivers/STM32WLxx_HAL_Driver/Src/stm32wlxx_hal_uart.o
                0x00000000080082a8                HAL_UART_ErrorCallback
 .text.HAL_UARTEx_RxEventCallback
                0x00000000080082ba       0x16 ./Drivers/STM32WLxx_HAL_Driver/Src/stm32wlxx_hal_uart.o
                0x00000000080082ba                HAL_UARTEx_RxEventCallback
 .text.UART_SetConfig
                0x00000000080082d0      0x4e8 ./Drivers/STM32WLxx_HAL_Driver/Src/stm32wlxx_hal_uart.o
                0x00000000080082d0                UART_SetConfig
 .text.UART_AdvFeatureConfig
                0x00000000080087b8      0x142 ./Drivers/STM32WLxx_HAL_Driver/Src/stm32wlxx_hal_uart.o
                0x00000000080087b8                UART_AdvFeatureConfig
 .text.UART_CheckIdleState
                0x00000000080088fa       0x9c ./Drivers/STM32WLxx_HAL_Driver/Src/stm32wlxx_hal_uart.o
                0x00000000080088fa                UART_CheckIdleState
 .text.UART_WaitOnFlagUntilTimeout
                0x0000000008008996      0x190 ./Drivers/STM32WLxx_HAL_Driver/Src/stm32wlxx_hal_uart.o
                0x0000000008008996                UART_WaitOnFlagUntilTimeout
 *fill*         0x0000000008008b26        0x2 
 .text.UART_Start_Receive_DMA
                0x0000000008008b28      0x14c ./Drivers/STM32WLxx_HAL_Driver/Src/stm32wlxx_hal_uart.o
                0x0000000008008b28                UART_Start_Receive_DMA
 .text.UART_EndTxTransfer
                0x0000000008008c74       0x80 ./Drivers/STM32WLxx_HAL_Driver/Src/stm32wlxx_hal_uart.o
 .text.UART_EndRxTransfer
                0x0000000008008cf4       0xca ./Drivers/STM32WLxx_HAL_Driver/Src/stm32wlxx_hal_uart.o
 .text.UART_DMAReceiveCplt
                0x0000000008008dbe      0x12c ./Drivers/STM32WLxx_HAL_Driver/Src/stm32wlxx_hal_uart.o
 .text.UART_DMARxHalfCplt
                0x0000000008008eea       0x3e ./Drivers/STM32WLxx_HAL_Driver/Src/stm32wlxx_hal_uart.o
 .text.UART_DMAError
                0x0000000008008f28       0x80 ./Drivers/STM32WLxx_HAL_Driver/Src/stm32wlxx_hal_uart.o
 .text.UART_DMAAbortOnError
                0x0000000008008fa8       0x2c ./Drivers/STM32WLxx_HAL_Driver/Src/stm32wlxx_hal_uart.o
 .text.UART_EndTransmit_IT
                0x0000000008008fd4       0x56 ./Drivers/STM32WLxx_HAL_Driver/Src/stm32wlxx_hal_uart.o
 .text.HAL_UARTEx_WakeupCallback
                0x000000000800902a       0x12 ./Drivers/STM32WLxx_HAL_Driver/Src/stm32wlxx_hal_uart_ex.o
                0x000000000800902a                HAL_UARTEx_WakeupCallback
 .text.HAL_UARTEx_RxFifoFullCallback
                0x000000000800903c       0x12 ./Drivers/STM32WLxx_HAL_Driver/Src/stm32wlxx_hal_uart_ex.o
                0x000000000800903c                HAL_UARTEx_RxFifoFullCallback
 .text.HAL_UARTEx_TxFifoEmptyCallback
                0x000000000800904e       0x12 ./Drivers/STM32WLxx_HAL_Driver/Src/stm32wlxx_hal_uart_ex.o
                0x000000000800904e                HAL_UARTEx_TxFifoEmptyCallback
 .text.HAL_UARTEx_DisableFifoMode
                0x0000000008009060       0x70 ./Drivers/STM32WLxx_HAL_Driver/Src/stm32wlxx_hal_uart_ex.o
                0x0000000008009060                HAL_UARTEx_DisableFifoMode
 .text.HAL_UARTEx_SetTxFifoThreshold
                0x00000000080090d0       0x7c ./Drivers/STM32WLxx_HAL_Driver/Src/stm32wlxx_hal_uart_ex.o
                0x00000000080090d0                HAL_UARTEx_SetTxFifoThreshold
 .text.HAL_UARTEx_SetRxFifoThreshold
                0x000000000800914c       0x7c ./Drivers/STM32WLxx_HAL_Driver/Src/stm32wlxx_hal_uart_ex.o
                0x000000000800914c                HAL_UARTEx_SetRxFifoThreshold
 .text.UARTEx_SetNbDataToProcess
                0x00000000080091c8       0x98 ./Drivers/STM32WLxx_HAL_Driver/Src/stm32wlxx_hal_uart_ex.o
 .text.RadioInit
                0x0000000008009260       0xb8 ./Middlewares/Third_Party/SubGHz_Phy/stm32_radio_driver/radio.o
 .text.RadioGetStatus
                0x0000000008009318       0x2e ./Middlewares/Third_Party/SubGHz_Phy/stm32_radio_driver/radio.o
 *fill*         0x0000000008009346        0x2 
 .text.RadioSetModem
                0x0000000008009348       0xb8 ./Middlewares/Third_Party/SubGHz_Phy/stm32_radio_driver/radio.o
 .text.RadioSetChannel
                0x0000000008009400       0x16 ./Middlewares/Third_Party/SubGHz_Phy/stm32_radio_driver/radio.o
 .text.RadioIsChannelFree
                0x0000000008009416       0xb4 ./Middlewares/Third_Party/SubGHz_Phy/stm32_radio_driver/radio.o
 .text.RadioRandom
                0x00000000080094ca       0x26 ./Middlewares/Third_Party/SubGHz_Phy/stm32_radio_driver/radio.o
 .text.RadioSetRxConfig
                0x00000000080094f0      0x418 ./Middlewares/Third_Party/SubGHz_Phy/stm32_radio_driver/radio.o
 .text.RadioSetTxConfig
                0x0000000008009908      0x224 ./Middlewares/Third_Party/SubGHz_Phy/stm32_radio_driver/radio.o
 .text.RadioCheckRfFrequency
                0x0000000008009b2c       0x14 ./Middlewares/Third_Party/SubGHz_Phy/stm32_radio_driver/radio.o
 .text.RadioGetLoRaBandwidthInHz
                0x0000000008009b40       0xac ./Middlewares/Third_Party/SubGHz_Phy/stm32_radio_driver/radio.o
 .text.RadioGetGfskTimeOnAirNumerator
                0x0000000008009bec       0x54 ./Middlewares/Third_Party/SubGHz_Phy/stm32_radio_driver/radio.o
 .text.RadioGetLoRaTimeOnAirNumerator
                0x0000000008009c40      0x102 ./Middlewares/Third_Party/SubGHz_Phy/stm32_radio_driver/radio.o
 *fill*         0x0000000008009d42        0x2 
 .text.RadioTimeOnAir
                0x0000000008009d44       0xb0 ./Middlewares/Third_Party/SubGHz_Phy/stm32_radio_driver/radio.o
 .text.RadioSend
                0x0000000008009df4      0x1f0 ./Middlewares/Third_Party/SubGHz_Phy/stm32_radio_driver/radio.o
 .text.RadioSleep
                0x0000000008009fe4       0x26 ./Middlewares/Third_Party/SubGHz_Phy/stm32_radio_driver/radio.o
 .text.RadioStandby
                0x000000000800a00a        0xe ./Middlewares/Third_Party/SubGHz_Phy/stm32_radio_driver/radio.o
 .text.RadioRx  0x000000000800a018       0x80 ./Middlewares/Third_Party/SubGHz_Phy/stm32_radio_driver/radio.o
 .text.RadioRxBoosted
                0x000000000800a098       0x80 ./Middlewares/Third_Party/SubGHz_Phy/stm32_radio_driver/radio.o
 .text.RadioSetRxDutyCycle
                0x000000000800a118       0x48 ./Middlewares/Third_Party/SubGHz_Phy/stm32_radio_driver/radio.o
 .text.RadioStartCad
                0x000000000800a160       0x30 ./Middlewares/Third_Party/SubGHz_Phy/stm32_radio_driver/radio.o
 .text.RadioSetTxContinuousWave
                0x000000000800a190       0x64 ./Middlewares/Third_Party/SubGHz_Phy/stm32_radio_driver/radio.o
 .text.RadioRssi
                0x000000000800a1f4       0x1a ./Middlewares/Third_Party/SubGHz_Phy/stm32_radio_driver/radio.o
 .text.RadioWrite
                0x000000000800a20e       0x24 ./Middlewares/Third_Party/SubGHz_Phy/stm32_radio_driver/radio.o
 .text.RadioRead
                0x000000000800a232       0x1c ./Middlewares/Third_Party/SubGHz_Phy/stm32_radio_driver/radio.o
 .text.RadioWriteRegisters
                0x000000000800a24e       0x26 ./Middlewares/Third_Party/SubGHz_Phy/stm32_radio_driver/radio.o
 .text.RadioReadRegisters
                0x000000000800a274       0x26 ./Middlewares/Third_Party/SubGHz_Phy/stm32_radio_driver/radio.o
 *fill*         0x000000000800a29a        0x2 
 .text.RadioSetMaxPayloadLength
                0x000000000800a29c       0x5c ./Middlewares/Third_Party/SubGHz_Phy/stm32_radio_driver/radio.o
 .text.RadioSetPublicNetwork
                0x000000000800a2f8       0x5c ./Middlewares/Third_Party/SubGHz_Phy/stm32_radio_driver/radio.o
 .text.RadioGetWakeupTime
                0x000000000800a354       0x10 ./Middlewares/Third_Party/SubGHz_Phy/stm32_radio_driver/radio.o
 .text.RadioOnTxTimeoutIrq
                0x000000000800a364       0x14 ./Middlewares/Third_Party/SubGHz_Phy/stm32_radio_driver/radio.o
 .text.RadioOnRxTimeoutIrq
                0x000000000800a378       0x14 ./Middlewares/Third_Party/SubGHz_Phy/stm32_radio_driver/radio.o
 .text.RadioOnTxTimeoutProcess
                0x000000000800a38c       0x28 ./Middlewares/Third_Party/SubGHz_Phy/stm32_radio_driver/radio.o
 .text.RadioOnRxTimeoutProcess
                0x000000000800a3b4       0x28 ./Middlewares/Third_Party/SubGHz_Phy/stm32_radio_driver/radio.o
 .text.RadioOnDioIrq
                0x000000000800a3dc       0x24 ./Middlewares/Third_Party/SubGHz_Phy/stm32_radio_driver/radio.o
 .text.RadioIrqProcess
                0x000000000800a400      0x3e8 ./Middlewares/Third_Party/SubGHz_Phy/stm32_radio_driver/radio.o
 .text.RadioTxPrbs
                0x000000000800a7e8       0x38 ./Middlewares/Third_Party/SubGHz_Phy/stm32_radio_driver/radio.o
 .text.RadioTxCw
                0x000000000800a820       0x38 ./Middlewares/Third_Party/SubGHz_Phy/stm32_radio_driver/radio.o
 .text.payload_integration
                0x000000000800a858      0x120 ./Middlewares/Third_Party/SubGHz_Phy/stm32_radio_driver/radio.o
 .text.RadioSetRxGenericConfig
                0x000000000800a978      0x388 ./Middlewares/Third_Party/SubGHz_Phy/stm32_radio_driver/radio.o
 .text.RadioSetTxGenericConfig
                0x000000000800ad00      0x46c ./Middlewares/Third_Party/SubGHz_Phy/stm32_radio_driver/radio.o
 .text.RadioLrFhssSetCfg
                0x000000000800b16c       0x18 ./Middlewares/Third_Party/SubGHz_Phy/stm32_radio_driver/radio.o
 .text.RadioLrFhssGetTimeOnAirInMs
                0x000000000800b184       0x16 ./Middlewares/Third_Party/SubGHz_Phy/stm32_radio_driver/radio.o
 *fill*         0x000000000800b19a        0x2 
 .text.SUBGRF_Init
                0x000000000800b19c       0x90 ./Middlewares/Third_Party/SubGHz_Phy/stm32_radio_driver/radio_driver.o
                0x000000000800b19c                SUBGRF_Init
 .text.SUBGRF_GetOperatingMode
                0x000000000800b22c       0x14 ./Middlewares/Third_Party/SubGHz_Phy/stm32_radio_driver/radio_driver.o
                0x000000000800b22c                SUBGRF_GetOperatingMode
 .text.SUBGRF_SetPayload
                0x000000000800b240       0x20 ./Middlewares/Third_Party/SubGHz_Phy/stm32_radio_driver/radio_driver.o
                0x000000000800b240                SUBGRF_SetPayload
 .text.SUBGRF_GetPayload
                0x000000000800b260       0x44 ./Middlewares/Third_Party/SubGHz_Phy/stm32_radio_driver/radio_driver.o
                0x000000000800b260                SUBGRF_GetPayload
 .text.SUBGRF_SendPayload
                0x000000000800b2a4       0x26 ./Middlewares/Third_Party/SubGHz_Phy/stm32_radio_driver/radio_driver.o
                0x000000000800b2a4                SUBGRF_SendPayload
 .text.SUBGRF_SetSyncWord
                0x000000000800b2ca       0x1e ./Middlewares/Third_Party/SubGHz_Phy/stm32_radio_driver/radio_driver.o
                0x000000000800b2ca                SUBGRF_SetSyncWord
 .text.SUBGRF_SetCrcSeed
                0x000000000800b2e8       0x40 ./Middlewares/Third_Party/SubGHz_Phy/stm32_radio_driver/radio_driver.o
                0x000000000800b2e8                SUBGRF_SetCrcSeed
 .text.SUBGRF_SetCrcPolynomial
                0x000000000800b328       0x40 ./Middlewares/Third_Party/SubGHz_Phy/stm32_radio_driver/radio_driver.o
                0x000000000800b328                SUBGRF_SetCrcPolynomial
 .text.SUBGRF_SetWhiteningSeed
                0x000000000800b368       0x66 ./Middlewares/Third_Party/SubGHz_Phy/stm32_radio_driver/radio_driver.o
                0x000000000800b368                SUBGRF_SetWhiteningSeed
 .text.SUBGRF_GetRandom
                0x000000000800b3ce       0x8c ./Middlewares/Third_Party/SubGHz_Phy/stm32_radio_driver/radio_driver.o
                0x000000000800b3ce                SUBGRF_GetRandom
 *fill*         0x000000000800b45a        0x2 
 .text.SUBGRF_SetSleep
                0x000000000800b45c       0x64 ./Middlewares/Third_Party/SubGHz_Phy/stm32_radio_driver/radio_driver.o
                0x000000000800b45c                SUBGRF_SetSleep
 .text.SUBGRF_SetStandby
                0x000000000800b4c0       0x38 ./Middlewares/Third_Party/SubGHz_Phy/stm32_radio_driver/radio_driver.o
                0x000000000800b4c0                SUBGRF_SetStandby
 .text.SUBGRF_SetTx
                0x000000000800b4f8       0x40 ./Middlewares/Third_Party/SubGHz_Phy/stm32_radio_driver/radio_driver.o
                0x000000000800b4f8                SUBGRF_SetTx
 .text.SUBGRF_SetRx
                0x000000000800b538       0x40 ./Middlewares/Third_Party/SubGHz_Phy/stm32_radio_driver/radio_driver.o
                0x000000000800b538                SUBGRF_SetRx
 .text.SUBGRF_SetRxBoosted
                0x000000000800b578       0x48 ./Middlewares/Third_Party/SubGHz_Phy/stm32_radio_driver/radio_driver.o
                0x000000000800b578                SUBGRF_SetRxBoosted
 .text.SUBGRF_SetRxDutyCycle
                0x000000000800b5c0       0x58 ./Middlewares/Third_Party/SubGHz_Phy/stm32_radio_driver/radio_driver.o
                0x000000000800b5c0                SUBGRF_SetRxDutyCycle
 .text.SUBGRF_SetCad
                0x000000000800b618       0x1c ./Middlewares/Third_Party/SubGHz_Phy/stm32_radio_driver/radio_driver.o
                0x000000000800b618                SUBGRF_SetCad
 .text.SUBGRF_SetTxContinuousWave
                0x000000000800b634       0x12 ./Middlewares/Third_Party/SubGHz_Phy/stm32_radio_driver/radio_driver.o
                0x000000000800b634                SUBGRF_SetTxContinuousWave
 .text.SUBGRF_SetTxInfinitePreamble
                0x000000000800b646       0x12 ./Middlewares/Third_Party/SubGHz_Phy/stm32_radio_driver/radio_driver.o
                0x000000000800b646                SUBGRF_SetTxInfinitePreamble
 .text.SUBGRF_SetStopRxTimerOnPreambleDetect
                0x000000000800b658       0x1e ./Middlewares/Third_Party/SubGHz_Phy/stm32_radio_driver/radio_driver.o
                0x000000000800b658                SUBGRF_SetStopRxTimerOnPreambleDetect
 .text.SUBGRF_SetLoRaSymbNumTimeout
                0x000000000800b676       0x5e ./Middlewares/Third_Party/SubGHz_Phy/stm32_radio_driver/radio_driver.o
                0x000000000800b676                SUBGRF_SetLoRaSymbNumTimeout
 .text.SUBGRF_SetRegulatorMode
                0x000000000800b6d4       0x2e ./Middlewares/Third_Party/SubGHz_Phy/stm32_radio_driver/radio_driver.o
                0x000000000800b6d4                SUBGRF_SetRegulatorMode
 .text.SUBGRF_Calibrate
                0x000000000800b702       0x8c ./Middlewares/Third_Party/SubGHz_Phy/stm32_radio_driver/radio_driver.o
                0x000000000800b702                SUBGRF_Calibrate
 *fill*         0x000000000800b78e        0x2 
 .text.SUBGRF_CalibrateImage
                0x000000000800b790       0x94 ./Middlewares/Third_Party/SubGHz_Phy/stm32_radio_driver/radio_driver.o
                0x000000000800b790                SUBGRF_CalibrateImage
 .text.SUBGRF_SetPaConfig
                0x000000000800b824       0x44 ./Middlewares/Third_Party/SubGHz_Phy/stm32_radio_driver/radio_driver.o
                0x000000000800b824                SUBGRF_SetPaConfig
 .text.SUBGRF_SetDioIrqParams
                0x000000000800b868       0x74 ./Middlewares/Third_Party/SubGHz_Phy/stm32_radio_driver/radio_driver.o
                0x000000000800b868                SUBGRF_SetDioIrqParams
 .text.SUBGRF_SetTcxoMode
                0x000000000800b8dc       0x42 ./Middlewares/Third_Party/SubGHz_Phy/stm32_radio_driver/radio_driver.o
                0x000000000800b8dc                SUBGRF_SetTcxoMode
 *fill*         0x000000000800b91e        0x2 
 .text.SUBGRF_SetRfFrequency
                0x000000000800b920       0x8c ./Middlewares/Third_Party/SubGHz_Phy/stm32_radio_driver/radio_driver.o
                0x000000000800b920                SUBGRF_SetRfFrequency
 .text.SUBGRF_SetPacketType
                0x000000000800b9ac       0x38 ./Middlewares/Third_Party/SubGHz_Phy/stm32_radio_driver/radio_driver.o
                0x000000000800b9ac                SUBGRF_SetPacketType
 .text.SUBGRF_GetPacketType
                0x000000000800b9e4       0x14 ./Middlewares/Third_Party/SubGHz_Phy/stm32_radio_driver/radio_driver.o
                0x000000000800b9e4                SUBGRF_GetPacketType
 .text.SUBGRF_SetTxParams
                0x000000000800b9f8      0x19a ./Middlewares/Third_Party/SubGHz_Phy/stm32_radio_driver/radio_driver.o
                0x000000000800b9f8                SUBGRF_SetTxParams
 *fill*         0x000000000800bb92        0x2 
 .text.SUBGRF_SetModulationParams
                0x000000000800bb94      0x1a4 ./Middlewares/Third_Party/SubGHz_Phy/stm32_radio_driver/radio_driver.o
                0x000000000800bb94                SUBGRF_SetModulationParams
 .text.SUBGRF_SetPacketParams
                0x000000000800bd38      0x13c ./Middlewares/Third_Party/SubGHz_Phy/stm32_radio_driver/radio_driver.o
                0x000000000800bd38                SUBGRF_SetPacketParams
 .text.SUBGRF_SetBufferBaseAddress
                0x000000000800be74       0x2e ./Middlewares/Third_Party/SubGHz_Phy/stm32_radio_driver/radio_driver.o
                0x000000000800be74                SUBGRF_SetBufferBaseAddress
 .text.SUBGRF_GetRssiInst
                0x000000000800bea2       0x2a ./Middlewares/Third_Party/SubGHz_Phy/stm32_radio_driver/radio_driver.o
                0x000000000800bea2                SUBGRF_GetRssiInst
 .text.SUBGRF_GetRxBufferStatus
                0x000000000800becc       0x58 ./Middlewares/Third_Party/SubGHz_Phy/stm32_radio_driver/radio_driver.o
                0x000000000800becc                SUBGRF_GetRxBufferStatus
 .text.SUBGRF_GetPacketStatus
                0x000000000800bf24       0xa4 ./Middlewares/Third_Party/SubGHz_Phy/stm32_radio_driver/radio_driver.o
                0x000000000800bf24                SUBGRF_GetPacketStatus
 .text.SUBGRF_WriteRegister
                0x000000000800bfc8       0x28 ./Middlewares/Third_Party/SubGHz_Phy/stm32_radio_driver/radio_driver.o
                0x000000000800bfc8                SUBGRF_WriteRegister
 .text.SUBGRF_ReadRegister
                0x000000000800bff0       0x28 ./Middlewares/Third_Party/SubGHz_Phy/stm32_radio_driver/radio_driver.o
                0x000000000800bff0                SUBGRF_ReadRegister
 .text.SUBGRF_WriteRegisters
                0x000000000800c018       0x44 ./Middlewares/Third_Party/SubGHz_Phy/stm32_radio_driver/radio_driver.o
                0x000000000800c018                SUBGRF_WriteRegisters
 .text.SUBGRF_ReadRegisters
                0x000000000800c05c       0x44 ./Middlewares/Third_Party/SubGHz_Phy/stm32_radio_driver/radio_driver.o
                0x000000000800c05c                SUBGRF_ReadRegisters
 .text.SUBGRF_WriteBuffer
                0x000000000800c0a0       0x44 ./Middlewares/Third_Party/SubGHz_Phy/stm32_radio_driver/radio_driver.o
                0x000000000800c0a0                SUBGRF_WriteBuffer
 .text.SUBGRF_ReadBuffer
                0x000000000800c0e4       0x44 ./Middlewares/Third_Party/SubGHz_Phy/stm32_radio_driver/radio_driver.o
                0x000000000800c0e4                SUBGRF_ReadBuffer
 .text.SUBGRF_WriteCommand
                0x000000000800c128       0x44 ./Middlewares/Third_Party/SubGHz_Phy/stm32_radio_driver/radio_driver.o
                0x000000000800c128                SUBGRF_WriteCommand
 .text.SUBGRF_ReadCommand
                0x000000000800c16c       0x44 ./Middlewares/Third_Party/SubGHz_Phy/stm32_radio_driver/radio_driver.o
                0x000000000800c16c                SUBGRF_ReadCommand
 .text.SUBGRF_SetSwitch
                0x000000000800c1b0       0x50 ./Middlewares/Third_Party/SubGHz_Phy/stm32_radio_driver/radio_driver.o
                0x000000000800c1b0                SUBGRF_SetSwitch
 .text.SUBGRF_SetRfTxPower
                0x000000000800c200       0x68 ./Middlewares/Third_Party/SubGHz_Phy/stm32_radio_driver/radio_driver.o
                0x000000000800c200                SUBGRF_SetRfTxPower
 .text.SUBGRF_GetRadioWakeUpTime
                0x000000000800c268        0xe ./Middlewares/Third_Party/SubGHz_Phy/stm32_radio_driver/radio_driver.o
                0x000000000800c268                SUBGRF_GetRadioWakeUpTime
 *fill*         0x000000000800c276        0x2 
 .text.HAL_SUBGHZ_TxCpltCallback
                0x000000000800c278       0x1c ./Middlewares/Third_Party/SubGHz_Phy/stm32_radio_driver/radio_driver.o
                0x000000000800c278                HAL_SUBGHZ_TxCpltCallback
 .text.HAL_SUBGHZ_RxCpltCallback
                0x000000000800c294       0x1c ./Middlewares/Third_Party/SubGHz_Phy/stm32_radio_driver/radio_driver.o
                0x000000000800c294                HAL_SUBGHZ_RxCpltCallback
 .text.HAL_SUBGHZ_CRCErrorCallback
                0x000000000800c2b0       0x1c ./Middlewares/Third_Party/SubGHz_Phy/stm32_radio_driver/radio_driver.o
                0x000000000800c2b0                HAL_SUBGHZ_CRCErrorCallback
 .text.HAL_SUBGHZ_CADStatusCallback
                0x000000000800c2cc       0x3c ./Middlewares/Third_Party/SubGHz_Phy/stm32_radio_driver/radio_driver.o
                0x000000000800c2cc                HAL_SUBGHZ_CADStatusCallback
 .text.HAL_SUBGHZ_RxTxTimeoutCallback
                0x000000000800c308       0x20 ./Middlewares/Third_Party/SubGHz_Phy/stm32_radio_driver/radio_driver.o
                0x000000000800c308                HAL_SUBGHZ_RxTxTimeoutCallback
 .text.HAL_SUBGHZ_HeaderErrorCallback
                0x000000000800c328       0x1c ./Middlewares/Third_Party/SubGHz_Phy/stm32_radio_driver/radio_driver.o
                0x000000000800c328                HAL_SUBGHZ_HeaderErrorCallback
 .text.HAL_SUBGHZ_PreambleDetectedCallback
                0x000000000800c344       0x1c ./Middlewares/Third_Party/SubGHz_Phy/stm32_radio_driver/radio_driver.o
                0x000000000800c344                HAL_SUBGHZ_PreambleDetectedCallback
 .text.HAL_SUBGHZ_SyncWordValidCallback
                0x000000000800c360       0x1c ./Middlewares/Third_Party/SubGHz_Phy/stm32_radio_driver/radio_driver.o
                0x000000000800c360                HAL_SUBGHZ_SyncWordValidCallback
 .text.HAL_SUBGHZ_HeaderValidCallback
                0x000000000800c37c       0x1c ./Middlewares/Third_Party/SubGHz_Phy/stm32_radio_driver/radio_driver.o
                0x000000000800c37c                HAL_SUBGHZ_HeaderValidCallback
 .text.HAL_SUBGHZ_LrFhssHopCallback
                0x000000000800c398       0x20 ./Middlewares/Third_Party/SubGHz_Phy/stm32_radio_driver/radio_driver.o
                0x000000000800c398                HAL_SUBGHZ_LrFhssHopCallback
 .text.Radio_SMPS_Set
                0x000000000800c3b8       0x42 ./Middlewares/Third_Party/SubGHz_Phy/stm32_radio_driver/radio_driver.o
 *fill*         0x000000000800c3fa        0x2 
 .text.SUBGRF_GetFskBandwidthRegValue
                0x000000000800c3fc       0x50 ./Middlewares/Third_Party/SubGHz_Phy/stm32_radio_driver/radio_driver.o
                0x000000000800c3fc                SUBGRF_GetFskBandwidthRegValue
 .text.SUBGRF_GetCFO
                0x000000000800c44c       0xe8 ./Middlewares/Third_Party/SubGHz_Phy/stm32_radio_driver/radio_driver.o
                0x000000000800c44c                SUBGRF_GetCFO
 .text.RFW_TransmitLongPacket
                0x000000000800c534       0x24 ./Middlewares/Third_Party/SubGHz_Phy/stm32_radio_driver/radio_fw.o
                0x000000000800c534                RFW_TransmitLongPacket
 .text.RFW_ReceiveLongPacket
                0x000000000800c558       0x24 ./Middlewares/Third_Party/SubGHz_Phy/stm32_radio_driver/radio_fw.o
                0x000000000800c558                RFW_ReceiveLongPacket
 .text.RFW_Init
                0x000000000800c57c       0x1a ./Middlewares/Third_Party/SubGHz_Phy/stm32_radio_driver/radio_fw.o
                0x000000000800c57c                RFW_Init
 .text.RFW_DeInit
                0x000000000800c596        0xc ./Middlewares/Third_Party/SubGHz_Phy/stm32_radio_driver/radio_fw.o
                0x000000000800c596                RFW_DeInit
 .text.RFW_Is_Init
                0x000000000800c5a2        0xe ./Middlewares/Third_Party/SubGHz_Phy/stm32_radio_driver/radio_fw.o
                0x000000000800c5a2                RFW_Is_Init
 .text.RFW_Is_LongPacketModeEnabled
                0x000000000800c5b0        0xe ./Middlewares/Third_Party/SubGHz_Phy/stm32_radio_driver/radio_fw.o
                0x000000000800c5b0                RFW_Is_LongPacketModeEnabled
 .text.RFW_SetAntSwitch
                0x000000000800c5be       0x14 ./Middlewares/Third_Party/SubGHz_Phy/stm32_radio_driver/radio_fw.o
                0x000000000800c5be                RFW_SetAntSwitch
 .text.RFW_TransmitInit
                0x000000000800c5d2       0x20 ./Middlewares/Third_Party/SubGHz_Phy/stm32_radio_driver/radio_fw.o
                0x000000000800c5d2                RFW_TransmitInit
 .text.RFW_ReceiveInit
                0x000000000800c5f2       0x10 ./Middlewares/Third_Party/SubGHz_Phy/stm32_radio_driver/radio_fw.o
                0x000000000800c5f2                RFW_ReceiveInit
 .text.RFW_DeInit_TxLongPacket
                0x000000000800c602        0xc ./Middlewares/Third_Party/SubGHz_Phy/stm32_radio_driver/radio_fw.o
                0x000000000800c602                RFW_DeInit_TxLongPacket
 .text.RFW_ReceivePayload
                0x000000000800c60e        0xc ./Middlewares/Third_Party/SubGHz_Phy/stm32_radio_driver/radio_fw.o
                0x000000000800c60e                RFW_ReceivePayload
 .text.RFW_SetRadioModem
                0x000000000800c61a       0x14 ./Middlewares/Third_Party/SubGHz_Phy/stm32_radio_driver/radio_fw.o
                0x000000000800c61a                RFW_SetRadioModem
 .text.MX_SubGHz_Phy_Init
                0x000000000800c62e       0x10 ./SubGHz_Phy/App/app_subghz_phy.o
                0x000000000800c62e                MX_SubGHz_Phy_Init
 .text.MX_SubGHz_Phy_Process
                0x000000000800c63e        0xc ./SubGHz_Phy/App/app_subghz_phy.o
                0x000000000800c63e                MX_SubGHz_Phy_Process
 *fill*         0x000000000800c64a        0x2 
 .text.SubghzApp_Init
                0x000000000800c64c       0x4c ./SubGHz_Phy/App/subghz_phy_app.o
                0x000000000800c64c                SubghzApp_Init
 .text.OnTxDone
                0x000000000800c698        0xc ./SubGHz_Phy/App/subghz_phy_app.o
 .text.OnRxDone
                0x000000000800c6a4       0x24 ./SubGHz_Phy/App/subghz_phy_app.o
 .text.OnTxTimeout
                0x000000000800c6c8        0xc ./SubGHz_Phy/App/subghz_phy_app.o
 .text.OnRxTimeout
                0x000000000800c6d4        0xc ./SubGHz_Phy/App/subghz_phy_app.o
 .text.OnRxError
                0x000000000800c6e0        0xc ./SubGHz_Phy/App/subghz_phy_app.o
 .text.LL_AHB2_GRP1_EnableClock
                0x000000000800c6ec       0x30 ./SubGHz_Phy/Target/radio_board_if.o
 .text.RBI_Init
                0x000000000800c71c       0x80 ./SubGHz_Phy/Target/radio_board_if.o
                0x000000000800c71c                RBI_Init
 .text.RBI_ConfigRFSwitch
                0x000000000800c79c       0x94 ./SubGHz_Phy/Target/radio_board_if.o
                0x000000000800c79c                RBI_ConfigRFSwitch
 .text.RBI_GetTxConfig
                0x000000000800c830       0x16 ./SubGHz_Phy/Target/radio_board_if.o
                0x000000000800c830                RBI_GetTxConfig
 .text.RBI_IsTCXO
                0x000000000800c846       0x16 ./SubGHz_Phy/Target/radio_board_if.o
                0x000000000800c846                RBI_IsTCXO
 .text.RBI_IsDCDC
                0x000000000800c85c       0x16 ./SubGHz_Phy/Target/radio_board_if.o
                0x000000000800c85c                RBI_IsDCDC
 .text.RBI_GetRFOMaxPowerConfig
                0x000000000800c872       0x2a ./SubGHz_Phy/Target/radio_board_if.o
                0x000000000800c872                RBI_GetRFOMaxPowerConfig
 .text.UTIL_MEM_cpy_8
                0x000000000800c89c       0x3e ./Utilities/misc/stm32_mem.o
                0x000000000800c89c                UTIL_MEM_cpy_8
 .text.UTIL_MEM_set_8
                0x000000000800c8da       0x36 ./Utilities/misc/stm32_mem.o
                0x000000000800c8da                UTIL_MEM_set_8
 .text.UTIL_TIMER_Create
                0x000000000800c910       0x6c ./Utilities/timer/stm32_timer.o
                0x000000000800c910                UTIL_TIMER_Create
 .text.UTIL_TIMER_Start
                0x000000000800c97c       0xdc ./Utilities/timer/stm32_timer.o
                0x000000000800c97c                UTIL_TIMER_Start
 .text.UTIL_TIMER_Stop
                0x000000000800ca58       0xe0 ./Utilities/timer/stm32_timer.o
                0x000000000800ca58                UTIL_TIMER_Stop
 .text.UTIL_TIMER_SetPeriod
                0x000000000800cb38       0x54 ./Utilities/timer/stm32_timer.o
                0x000000000800cb38                UTIL_TIMER_SetPeriod
 .text.UTIL_TIMER_GetCurrentTime
                0x000000000800cb8c       0x24 ./Utilities/timer/stm32_timer.o
                0x000000000800cb8c                UTIL_TIMER_GetCurrentTime
 .text.UTIL_TIMER_GetElapsedTime
                0x000000000800cbb0       0x38 ./Utilities/timer/stm32_timer.o
                0x000000000800cbb0                UTIL_TIMER_GetElapsedTime
 .text.TimerExists
                0x000000000800cbe8       0x38 ./Utilities/timer/stm32_timer.o
                0x000000000800cbe8                TimerExists
 .text.TimerSetTimeout
                0x000000000800cc20       0x54 ./Utilities/timer/stm32_timer.o
                0x000000000800cc20                TimerSetTimeout
 .text.TimerInsertTimer
                0x000000000800cc74       0x60 ./Utilities/timer/stm32_timer.o
                0x000000000800cc74                TimerInsertTimer
 .text.TimerInsertNewHeadTimer
                0x000000000800ccd4       0x3c ./Utilities/timer/stm32_timer.o
                0x000000000800ccd4                TimerInsertNewHeadTimer
 .text._vsnprintf_r
                0x000000000800cd10       0x56 /Applications/STM32CubeIDE.app/Contents/Eclipse/plugins/com.st.stm32cube.ide.mcu.externaltools.gnu-tools-for-stm32.11.3.rel1.macos64_1.1.0.202305231506/tools/bin/../lib/gcc/arm-none-eabi/11.3.1/../../../../arm-none-eabi/lib/thumb/v7e-m/nofp/libc_nano.a(libc_a-vsnprintf.o)
                0x000000000800cd10                _vsnprintf_r
                0x000000000800cd10                _vsniprintf_r
 *fill*         0x000000000800cd66        0x2 
 .text.vsnprintf
                0x000000000800cd68       0x1c /Applications/STM32CubeIDE.app/Contents/Eclipse/plugins/com.st.stm32cube.ide.mcu.externaltools.gnu-tools-for-stm32.11.3.rel1.macos64_1.1.0.202305231506/tools/bin/../lib/gcc/arm-none-eabi/11.3.1/../../../../arm-none-eabi/lib/thumb/v7e-m/nofp/libc_nano.a(libc_a-vsnprintf.o)
                0x000000000800cd68                vsnprintf
                0x000000000800cd68                vsniprintf
 .text.memset   0x000000000800cd84       0x10 /Applications/STM32CubeIDE.app/Contents/Eclipse/plugins/com.st.stm32cube.ide.mcu.externaltools.gnu-tools-for-stm32.11.3.rel1.macos64_1.1.0.202305231506/tools/bin/../lib/gcc/arm-none-eabi/11.3.1/../../../../arm-none-eabi/lib/thumb/v7e-m/nofp/libc_nano.a(libc_a-memset.o)
                0x000000000800cd84                memset
 .text.__errno  0x000000000800cd94        0xc /Applications/STM32CubeIDE.app/Contents/Eclipse/plugins/com.st.stm32cube.ide.mcu.externaltools.gnu-tools-for-stm32.11.3.rel1.macos64_1.1.0.202305231506/tools/bin/../lib/gcc/arm-none-eabi/11.3.1/../../../../arm-none-eabi/lib/thumb/v7e-m/nofp/libc_nano.a(libc_a-errno.o)
                0x000000000800cd94                __errno
 .text.__libc_init_array
                0x000000000800cda0       0x48 /Applications/STM32CubeIDE.app/Contents/Eclipse/plugins/com.st.stm32cube.ide.mcu.externaltools.gnu-tools-for-stm32.11.3.rel1.macos64_1.1.0.202305231506/tools/bin/../lib/gcc/arm-none-eabi/11.3.1/../../../../arm-none-eabi/lib/thumb/v7e-m/nofp/libc_nano.a(libc_a-init.o)
                0x000000000800cda0                __libc_init_array
 .text.__retarget_lock_acquire_recursive
                0x000000000800cde8        0x2 /Applications/STM32CubeIDE.app/Contents/Eclipse/plugins/com.st.stm32cube.ide.mcu.externaltools.gnu-tools-for-stm32.11.3.rel1.macos64_1.1.0.202305231506/tools/bin/../lib/gcc/arm-none-eabi/11.3.1/../../../../arm-none-eabi/lib/thumb/v7e-m/nofp/libc_nano.a(libc_a-lock.o)
                0x000000000800cde8                __retarget_lock_acquire_recursive
 .text.__retarget_lock_release_recursive
                0x000000000800cdea        0x2 /Applications/STM32CubeIDE.app/Contents/Eclipse/plugins/com.st.stm32cube.ide.mcu.externaltools.gnu-tools-for-stm32.11.3.rel1.macos64_1.1.0.202305231506/tools/bin/../lib/gcc/arm-none-eabi/11.3.1/../../../../arm-none-eabi/lib/thumb/v7e-m/nofp/libc_nano.a(libc_a-lock.o)
                0x000000000800cdea                __retarget_lock_release_recursive
 .text.memcpy   0x000000000800cdec       0x1c /Applications/STM32CubeIDE.app/Contents/Eclipse/plugins/com.st.stm32cube.ide.mcu.externaltools.gnu-tools-for-stm32.11.3.rel1.macos64_1.1.0.202305231506/tools/bin/../lib/gcc/arm-none-eabi/11.3.1/../../../../arm-none-eabi/lib/thumb/v7e-m/nofp/libc_nano.a(libc_a-memcpy-stub.o)
                0x000000000800cdec                memcpy
 .text.__ssputs_r
                0x000000000800ce08       0xb4 /Applications/STM32CubeIDE.app/Contents/Eclipse/plugins/com.st.stm32cube.ide.mcu.externaltools.gnu-tools-for-stm32.11.3.rel1.macos64_1.1.0.202305231506/tools/bin/../lib/gcc/arm-none-eabi/11.3.1/../../../../arm-none-eabi/lib/thumb/v7e-m/nofp/libc_nano.a(libc_a-nano-svfprintf.o)
                0x000000000800ce08                __ssputs_r
 .text._svfprintf_r
                0x000000000800cebc      0x1fc /Applications/STM32CubeIDE.app/Contents/Eclipse/plugins/com.st.stm32cube.ide.mcu.externaltools.gnu-tools-for-stm32.11.3.rel1.macos64_1.1.0.202305231506/tools/bin/../lib/gcc/arm-none-eabi/11.3.1/../../../../arm-none-eabi/lib/thumb/v7e-m/nofp/libc_nano.a(libc_a-nano-svfprintf.o)
                0x000000000800cebc                _svfprintf_r
                0x000000000800cebc                _svfiprintf_r
 .text.sbrk_aligned
                0x000000000800d0b8       0x40 /Applications/STM32CubeIDE.app/Contents/Eclipse/plugins/com.st.stm32cube.ide.mcu.externaltools.gnu-tools-for-stm32.11.3.rel1.macos64_1.1.0.202305231506/tools/bin/../lib/gcc/arm-none-eabi/11.3.1/../../../../arm-none-eabi/lib/thumb/v7e-m/nofp/libc_nano.a(libc_a-mallocr.o)
 .text._malloc_r
                0x000000000800d0f8      0x100 /Applications/STM32CubeIDE.app/Contents/Eclipse/plugins/com.st.stm32cube.ide.mcu.externaltools.gnu-tools-for-stm32.11.3.rel1.macos64_1.1.0.202305231506/tools/bin/../lib/gcc/arm-none-eabi/11.3.1/../../../../arm-none-eabi/lib/thumb/v7e-m/nofp/libc_nano.a(libc_a-mallocr.o)
                0x000000000800d0f8                _malloc_r
 .text._printf_common
                0x000000000800d1f8       0xda /Applications/STM32CubeIDE.app/Contents/Eclipse/plugins/com.st.stm32cube.ide.mcu.externaltools.gnu-tools-for-stm32.11.3.rel1.macos64_1.1.0.202305231506/tools/bin/../lib/gcc/arm-none-eabi/11.3.1/../../../../arm-none-eabi/lib/thumb/v7e-m/nofp/libc_nano.a(libc_a-nano-vfprintf_i.o)
                0x000000000800d1f8                _printf_common
 *fill*         0x000000000800d2d2        0x2 
 .text._printf_i
                0x000000000800d2d4      0x244 /Applications/STM32CubeIDE.app/Contents/Eclipse/plugins/com.st.stm32cube.ide.mcu.externaltools.gnu-tools-for-stm32.11.3.rel1.macos64_1.1.0.202305231506/tools/bin/../lib/gcc/arm-none-eabi/11.3.1/../../../../arm-none-eabi/lib/thumb/v7e-m/nofp/libc_nano.a(libc_a-nano-vfprintf_i.o)
                0x000000000800d2d4                _printf_i
 .text.__malloc_lock
                0x000000000800d518        0xc /Applications/STM32CubeIDE.app/Contents/Eclipse/plugins/com.st.stm32cube.ide.mcu.externaltools.gnu-tools-for-stm32.11.3.rel1.macos64_1.1.0.202305231506/tools/bin/../lib/gcc/arm-none-eabi/11.3.1/../../../../arm-none-eabi/lib/thumb/v7e-m/nofp/libc_nano.a(libc_a-mlock.o)
                0x000000000800d518                __malloc_lock
 .text.__malloc_unlock
                0x000000000800d524        0xc /Applications/STM32CubeIDE.app/Contents/Eclipse/plugins/com.st.stm32cube.ide.mcu.externaltools.gnu-tools-for-stm32.11.3.rel1.macos64_1.1.0.202305231506/tools/bin/../lib/gcc/arm-none-eabi/11.3.1/../../../../arm-none-eabi/lib/thumb/v7e-m/nofp/libc_nano.a(libc_a-mlock.o)
                0x000000000800d524                __malloc_unlock
 .text._realloc_r
                0x000000000800d530       0x5e /Applications/STM32CubeIDE.app/Contents/Eclipse/plugins/com.st.stm32cube.ide.mcu.externaltools.gnu-tools-for-stm32.11.3.rel1.macos64_1.1.0.202305231506/tools/bin/../lib/gcc/arm-none-eabi/11.3.1/../../../../arm-none-eabi/lib/thumb/v7e-m/nofp/libc_nano.a(libc_a-reallocr.o)
                0x000000000800d530                _realloc_r
 .text.memmove  0x000000000800d58e       0x34 /Applications/STM32CubeIDE.app/Contents/Eclipse/plugins/com.st.stm32cube.ide.mcu.externaltools.gnu-tools-for-stm32.11.3.rel1.macos64_1.1.0.202305231506/tools/bin/../lib/gcc/arm-none-eabi/11.3.1/../../../../arm-none-eabi/lib/thumb/v7e-m/nofp/libc_nano.a(libc_a-memmove.o)
                0x000000000800d58e                memmove
 *fill*         0x000000000800d5c2        0x2 
 .text._sbrk_r  0x000000000800d5c4       0x20 /Applications/STM32CubeIDE.app/Contents/Eclipse/plugins/com.st.stm32cube.ide.mcu.externaltools.gnu-tools-for-stm32.11.3.rel1.macos64_1.1.0.202305231506/tools/bin/../lib/gcc/arm-none-eabi/11.3.1/../../../../arm-none-eabi/lib/thumb/v7e-m/nofp/libc_nano.a(libc_a-sbrkr.o)
                0x000000000800d5c4                _sbrk_r
 .text._free_r  0x000000000800d5e4       0x94 /Applications/STM32CubeIDE.app/Contents/Eclipse/plugins/com.st.stm32cube.ide.mcu.externaltools.gnu-tools-for-stm32.11.3.rel1.macos64_1.1.0.202305231506/tools/bin/../lib/gcc/arm-none-eabi/11.3.1/../../../../arm-none-eabi/lib/thumb/v7e-m/nofp/libc_nano.a(libc_a-freer.o)
                0x000000000800d5e4                _free_r
 .text._malloc_usable_size_r
                0x000000000800d678       0x10 /Applications/STM32CubeIDE.app/Contents/Eclipse/plugins/com.st.stm32cube.ide.mcu.externaltools.gnu-tools-for-stm32.11.3.rel1.macos64_1.1.0.202305231506/tools/bin/../lib/gcc/arm-none-eabi/11.3.1/../../../../arm-none-eabi/lib/thumb/v7e-m/nofp/libc_nano.a(libc_a-msizer.o)
                0x000000000800d678                _malloc_usable_size_r
 *(.glue_7)
 .glue_7        0x000000000800d688        0x0 linker stubs
 *(.glue_7t)
 .glue_7t       0x000000000800d688        0x0 linker stubs
 *(.eh_frame)
 .eh_frame      0x000000000800d688        0x0 /Applications/STM32CubeIDE.app/Contents/Eclipse/plugins/com.st.stm32cube.ide.mcu.externaltools.gnu-tools-for-stm32.11.3.rel1.macos64_1.1.0.202305231506/tools/bin/../lib/gcc/arm-none-eabi/11.3.1/thumb/v7e-m/nofp/crtbegin.o
 *(.init)
 .init          0x000000000800d688        0x4 /Applications/STM32CubeIDE.app/Contents/Eclipse/plugins/com.st.stm32cube.ide.mcu.externaltools.gnu-tools-for-stm32.11.3.rel1.macos64_1.1.0.202305231506/tools/bin/../lib/gcc/arm-none-eabi/11.3.1/thumb/v7e-m/nofp/crti.o
                0x000000000800d688                _init
 .init          0x000000000800d68c        0x8 /Applications/STM32CubeIDE.app/Contents/Eclipse/plugins/com.st.stm32cube.ide.mcu.externaltools.gnu-tools-for-stm32.11.3.rel1.macos64_1.1.0.202305231506/tools/bin/../lib/gcc/arm-none-eabi/11.3.1/thumb/v7e-m/nofp/crtn.o
 *(.fini)
 .fini          0x000000000800d694        0x4 /Applications/STM32CubeIDE.app/Contents/Eclipse/plugins/com.st.stm32cube.ide.mcu.externaltools.gnu-tools-for-stm32.11.3.rel1.macos64_1.1.0.202305231506/tools/bin/../lib/gcc/arm-none-eabi/11.3.1/thumb/v7e-m/nofp/crti.o
                0x000000000800d694                _fini
 .fini          0x000000000800d698        0x8 /Applications/STM32CubeIDE.app/Contents/Eclipse/plugins/com.st.stm32cube.ide.mcu.externaltools.gnu-tools-for-stm32.11.3.rel1.macos64_1.1.0.202305231506/tools/bin/../lib/gcc/arm-none-eabi/11.3.1/thumb/v7e-m/nofp/crtn.o
                0x000000000800d6a0                . = ALIGN (0x4)
                0x000000000800d6a0                _etext = .

.vfp11_veneer   0x000000000800d6a0        0x0
 .vfp11_veneer  0x000000000800d6a0        0x0 linker stubs

.v4_bx          0x000000000800d6a0        0x0
 .v4_bx         0x000000000800d6a0        0x0 linker stubs

.iplt           0x000000000800d6a0        0x0
 .iplt          0x000000000800d6a0        0x0 /Applications/STM32CubeIDE.app/Contents/Eclipse/plugins/com.st.stm32cube.ide.mcu.externaltools.gnu-tools-for-stm32.11.3.rel1.macos64_1.1.0.202305231506/tools/bin/../lib/gcc/arm-none-eabi/11.3.1/thumb/v7e-m/nofp/crtbegin.o

.rodata         0x000000000800d6a0      0x8bc
                0x000000000800d6a0                . = ALIGN (0x4)
 *(.rodata)
 .rodata        0x000000000800d6a0      0x457 ./Core/Src/main.o
 *fill*         0x000000000800daf7        0x1 
 .rodata        0x000000000800daf8      0x1b9 ./Core/Src/obc_interface.o
 *fill*         0x000000000800dcb1        0x3 
 .rodata        0x000000000800dcb4       0x1c ./Drivers/STM32WLxx_HAL_Driver/Src/stm32wlxx_hal_rcc.o